Archive member included to satisfy reference by file (symbol)

c:/st/stm32cubeide_1.4.0/stm32cubeide/plugins/com.st.stm32cube.ide.mcu.externaltools.gnu-arm-embedded.7-2018-q2-update.win32_1.4.0.202007081208/tools/bin/../lib/gcc/arm-none-eabi/7.3.1/../../../../arm-none-eabi/lib/thumb/v7-m\libc_nano.a(lib_a-errno.o)
                              Src/syscalls.o (__errno)
c:/st/stm32cubeide_1.4.0/stm32cubeide/plugins/com.st.stm32cube.ide.mcu.externaltools.gnu-arm-embedded.7-2018-q2-update.win32_1.4.0.202007081208/tools/bin/../lib/gcc/arm-none-eabi/7.3.1/../../../../arm-none-eabi/lib/thumb/v7-m\libc_nano.a(lib_a-exit.o)
                              c:/st/stm32cubeide_1.4.0/stm32cubeide/plugins/com.st.stm32cube.ide.mcu.externaltools.gnu-arm-embedded.7-2018-q2-update.win32_1.4.0.202007081208/tools/bin/../lib/gcc/arm-none-eabi/7.3.1/../../../../arm-none-eabi/lib/thumb/v7-m/crt0.o (exit)
c:/st/stm32cubeide_1.4.0/stm32cubeide/plugins/com.st.stm32cube.ide.mcu.externaltools.gnu-arm-embedded.7-2018-q2-update.win32_1.4.0.202007081208/tools/bin/../lib/gcc/arm-none-eabi/7.3.1/../../../../arm-none-eabi/lib/thumb/v7-m\libc_nano.a(lib_a-impure.o)
                              c:/st/stm32cubeide_1.4.0/stm32cubeide/plugins/com.st.stm32cube.ide.mcu.externaltools.gnu-arm-embedded.7-2018-q2-update.win32_1.4.0.202007081208/tools/bin/../lib/gcc/arm-none-eabi/7.3.1/../../../../arm-none-eabi/lib/thumb/v7-m\libc_nano.a(lib_a-exit.o) (_global_impure_ptr)
c:/st/stm32cubeide_1.4.0/stm32cubeide/plugins/com.st.stm32cube.ide.mcu.externaltools.gnu-arm-embedded.7-2018-q2-update.win32_1.4.0.202007081208/tools/bin/../lib/gcc/arm-none-eabi/7.3.1/../../../../arm-none-eabi/lib/thumb/v7-m\libc_nano.a(lib_a-init.o)
                              c:/st/stm32cubeide_1.4.0/stm32cubeide/plugins/com.st.stm32cube.ide.mcu.externaltools.gnu-arm-embedded.7-2018-q2-update.win32_1.4.0.202007081208/tools/bin/../lib/gcc/arm-none-eabi/7.3.1/../../../../arm-none-eabi/lib/thumb/v7-m/crt0.o (__libc_init_array)
c:/st/stm32cubeide_1.4.0/stm32cubeide/plugins/com.st.stm32cube.ide.mcu.externaltools.gnu-arm-embedded.7-2018-q2-update.win32_1.4.0.202007081208/tools/bin/../lib/gcc/arm-none-eabi/7.3.1/../../../../arm-none-eabi/lib/thumb/v7-m\libc_nano.a(lib_a-memset.o)
                              c:/st/stm32cubeide_1.4.0/stm32cubeide/plugins/com.st.stm32cube.ide.mcu.externaltools.gnu-arm-embedded.7-2018-q2-update.win32_1.4.0.202007081208/tools/bin/../lib/gcc/arm-none-eabi/7.3.1/../../../../arm-none-eabi/lib/thumb/v7-m/crt0.o (memset)
c:/st/stm32cubeide_1.4.0/stm32cubeide/plugins/com.st.stm32cube.ide.mcu.externaltools.gnu-arm-embedded.7-2018-q2-update.win32_1.4.0.202007081208/tools/bin/../lib/gcc/arm-none-eabi/7.3.1/../../../../arm-none-eabi/lib/thumb/v7-m\libc_nano.a(lib_a-strcmp.o)
                              MY_RTOS/scheduler.o (strcmp)

Allocating common symbols
Common symbol       size              file

IDLE_Task           0x44              MY_RTOS/scheduler.o
Task4               0x44              Src/main.o
SystickLED          0x1               MY_RTOS/CortexMX_OS_porting.o
OS_Control          0x1ac             MY_RTOS/scheduler.o
GP_IRQ_CALLBACK     0x3c              Src/EXTI_DRIVER.o
Task1               0x44              Src/main.o
Task4LED            0x1               Src/main.o
Ready_QUEUE         0x14              MY_RTOS/scheduler.o
state_error         0x4               Src/main.o
Task2LED            0x1               Src/main.o
Task3               0x44              Src/main.o
Task1LED            0x1               Src/main.o
IdleTaskLED         0x1               MY_RTOS/scheduler.o
Task2               0x44              Src/main.o
Ready_QUEUE_FIFO    0x190             MY_RTOS/scheduler.o
Task3LED            0x1               Src/main.o

Discarded input sections

 .text          0x00000000        0x0 c:/st/stm32cubeide_1.4.0/stm32cubeide/plugins/com.st.stm32cube.ide.mcu.externaltools.gnu-arm-embedded.7-2018-q2-update.win32_1.4.0.202007081208/tools/bin/../lib/gcc/arm-none-eabi/7.3.1/thumb/v7-m/crti.o
 .data          0x00000000        0x0 c:/st/stm32cubeide_1.4.0/stm32cubeide/plugins/com.st.stm32cube.ide.mcu.externaltools.gnu-arm-embedded.7-2018-q2-update.win32_1.4.0.202007081208/tools/bin/../lib/gcc/arm-none-eabi/7.3.1/thumb/v7-m/crti.o
 .bss           0x00000000        0x0 c:/st/stm32cubeide_1.4.0/stm32cubeide/plugins/com.st.stm32cube.ide.mcu.externaltools.gnu-arm-embedded.7-2018-q2-update.win32_1.4.0.202007081208/tools/bin/../lib/gcc/arm-none-eabi/7.3.1/thumb/v7-m/crti.o
 .data          0x00000000        0x4 c:/st/stm32cubeide_1.4.0/stm32cubeide/plugins/com.st.stm32cube.ide.mcu.externaltools.gnu-arm-embedded.7-2018-q2-update.win32_1.4.0.202007081208/tools/bin/../lib/gcc/arm-none-eabi/7.3.1/thumb/v7-m/crtbegin.o
 .text          0x00000000       0x74 c:/st/stm32cubeide_1.4.0/stm32cubeide/plugins/com.st.stm32cube.ide.mcu.externaltools.gnu-arm-embedded.7-2018-q2-update.win32_1.4.0.202007081208/tools/bin/../lib/gcc/arm-none-eabi/7.3.1/../../../../arm-none-eabi/lib/thumb/v7-m/crt0.o
 .data          0x00000000        0x0 c:/st/stm32cubeide_1.4.0/stm32cubeide/plugins/com.st.stm32cube.ide.mcu.externaltools.gnu-arm-embedded.7-2018-q2-update.win32_1.4.0.202007081208/tools/bin/../lib/gcc/arm-none-eabi/7.3.1/../../../../arm-none-eabi/lib/thumb/v7-m/crt0.o
 .bss           0x00000000        0x0 c:/st/stm32cubeide_1.4.0/stm32cubeide/plugins/com.st.stm32cube.ide.mcu.externaltools.gnu-arm-embedded.7-2018-q2-update.win32_1.4.0.202007081208/tools/bin/../lib/gcc/arm-none-eabi/7.3.1/../../../../arm-none-eabi/lib/thumb/v7-m/crt0.o
 .ARM.extab     0x00000000        0x0 c:/st/stm32cubeide_1.4.0/stm32cubeide/plugins/com.st.stm32cube.ide.mcu.externaltools.gnu-arm-embedded.7-2018-q2-update.win32_1.4.0.202007081208/tools/bin/../lib/gcc/arm-none-eabi/7.3.1/../../../../arm-none-eabi/lib/thumb/v7-m/crt0.o
 .ARM.exidx     0x00000000        0x8 c:/st/stm32cubeide_1.4.0/stm32cubeide/plugins/com.st.stm32cube.ide.mcu.externaltools.gnu-arm-embedded.7-2018-q2-update.win32_1.4.0.202007081208/tools/bin/../lib/gcc/arm-none-eabi/7.3.1/../../../../arm-none-eabi/lib/thumb/v7-m/crt0.o
 .ARM.attributes
                0x00000000       0x1b c:/st/stm32cubeide_1.4.0/stm32cubeide/plugins/com.st.stm32cube.ide.mcu.externaltools.gnu-arm-embedded.7-2018-q2-update.win32_1.4.0.202007081208/tools/bin/../lib/gcc/arm-none-eabi/7.3.1/../../../../arm-none-eabi/lib/thumb/v7-m/crt0.o
 .group         0x00000000        0xc MY_RTOS/CortexMX_OS_porting.o
 .group         0x00000000        0xc MY_RTOS/CortexMX_OS_porting.o
 .group         0x00000000        0xc MY_RTOS/CortexMX_OS_porting.o
 .group         0x00000000        0xc MY_RTOS/CortexMX_OS_porting.o
 .group         0x00000000        0xc MY_RTOS/CortexMX_OS_porting.o
 .group         0x00000000        0xc MY_RTOS/CortexMX_OS_porting.o
 .group         0x00000000        0xc MY_RTOS/CortexMX_OS_porting.o
 .group         0x00000000        0xc MY_RTOS/CortexMX_OS_porting.o
 .group         0x00000000        0xc MY_RTOS/CortexMX_OS_porting.o
 .group         0x00000000        0xc MY_RTOS/CortexMX_OS_porting.o
 .group         0x00000000        0xc MY_RTOS/CortexMX_OS_porting.o
 .group         0x00000000        0xc MY_RTOS/CortexMX_OS_porting.o
 .group         0x00000000        0xc MY_RTOS/CortexMX_OS_porting.o
 .text          0x00000000        0x0 MY_RTOS/CortexMX_OS_porting.o
 .data          0x00000000        0x0 MY_RTOS/CortexMX_OS_porting.o
 .bss           0x00000000        0x0 MY_RTOS/CortexMX_OS_porting.o
 .group         0x00000000        0xc MY_RTOS/MYRTOS._FIFO.o
 .group         0x00000000        0xc MY_RTOS/MYRTOS._FIFO.o
 .group         0x00000000        0xc MY_RTOS/MYRTOS._FIFO.o
 .group         0x00000000        0xc MY_RTOS/MYRTOS._FIFO.o
 .group         0x00000000        0xc MY_RTOS/MYRTOS._FIFO.o
 .group         0x00000000        0xc MY_RTOS/MYRTOS._FIFO.o
 .group         0x00000000        0xc MY_RTOS/MYRTOS._FIFO.o
 .group         0x00000000        0xc MY_RTOS/MYRTOS._FIFO.o
 .group         0x00000000        0xc MY_RTOS/MYRTOS._FIFO.o
 .group         0x00000000        0xc MY_RTOS/MYRTOS._FIFO.o
 .group         0x00000000        0xc MY_RTOS/MYRTOS._FIFO.o
 .group         0x00000000        0xc MY_RTOS/MYRTOS._FIFO.o
 .group         0x00000000        0xc MY_RTOS/MYRTOS._FIFO.o
 .group         0x00000000        0xc MY_RTOS/MYRTOS._FIFO.o
 .group         0x00000000        0xc MY_RTOS/MYRTOS._FIFO.o
 .group         0x00000000        0xc MY_RTOS/MYRTOS._FIFO.o
 .group         0x00000000        0xc MY_RTOS/MYRTOS._FIFO.o
 .group         0x00000000        0xc MY_RTOS/MYRTOS._FIFO.o
 .group         0x00000000        0xc MY_RTOS/MYRTOS._FIFO.o
 .group         0x00000000        0xc MY_RTOS/MYRTOS._FIFO.o
 .group         0x00000000        0xc MY_RTOS/MYRTOS._FIFO.o
 .group         0x00000000        0xc MY_RTOS/MYRTOS._FIFO.o
 .group         0x00000000        0xc MY_RTOS/MYRTOS._FIFO.o
 .group         0x00000000        0xc MY_RTOS/MYRTOS._FIFO.o
 .group         0x00000000        0xc MY_RTOS/MYRTOS._FIFO.o
 .group         0x00000000        0xc MY_RTOS/MYRTOS._FIFO.o
 .group         0x00000000        0xc MY_RTOS/MYRTOS._FIFO.o
 .group         0x00000000        0xc MY_RTOS/MYRTOS._FIFO.o
 .group         0x00000000        0xc MY_RTOS/MYRTOS._FIFO.o
 .group         0x00000000        0xc MY_RTOS/MYRTOS._FIFO.o
 .group         0x00000000        0xc MY_RTOS/MYRTOS._FIFO.o
 .group         0x00000000        0xc MY_RTOS/MYRTOS._FIFO.o
 .group         0x00000000        0xc MY_RTOS/MYRTOS._FIFO.o
 .group         0x00000000        0xc MY_RTOS/MYRTOS._FIFO.o
 .group         0x00000000        0xc MY_RTOS/MYRTOS._FIFO.o
 .group         0x00000000        0xc MY_RTOS/MYRTOS._FIFO.o
 .group         0x00000000        0xc MY_RTOS/MYRTOS._FIFO.o
 .group         0x00000000        0xc MY_RTOS/MYRTOS._FIFO.o
 .text          0x00000000        0x0 MY_RTOS/MYRTOS._FIFO.o
 .data          0x00000000        0x0 MY_RTOS/MYRTOS._FIFO.o
 .bss           0x00000000        0x0 MY_RTOS/MYRTOS._FIFO.o
 .text.FIFO_IS_FULL
                0x00000000       0x40 MY_RTOS/MYRTOS._FIFO.o
 .debug_macro   0x00000000      0xa60 MY_RTOS/MYRTOS._FIFO.o
 .debug_macro   0x00000000       0x22 MY_RTOS/MYRTOS._FIFO.o
 .debug_macro   0x00000000       0x6a MY_RTOS/MYRTOS._FIFO.o
 .debug_macro   0x00000000       0xef MY_RTOS/MYRTOS._FIFO.o
 .debug_macro   0x00000000      0x1df MY_RTOS/MYRTOS._FIFO.o
 .debug_macro   0x00000000       0x28 MY_RTOS/MYRTOS._FIFO.o
 .debug_macro   0x00000000       0x1c MY_RTOS/MYRTOS._FIFO.o
 .debug_macro   0x00000000       0x22 MY_RTOS/MYRTOS._FIFO.o
 .debug_macro   0x00000000      0xe3c MY_RTOS/MYRTOS._FIFO.o
 .debug_macro   0x00000000       0x2e MY_RTOS/MYRTOS._FIFO.o
 .group         0x00000000        0xc MY_RTOS/scheduler.o
 .group         0x00000000        0xc MY_RTOS/scheduler.o
 .group         0x00000000        0xc MY_RTOS/scheduler.o
 .group         0x00000000        0xc MY_RTOS/scheduler.o
 .group         0x00000000        0xc MY_RTOS/scheduler.o
 .group         0x00000000        0xc MY_RTOS/scheduler.o
 .group         0x00000000        0xc MY_RTOS/scheduler.o
 .group         0x00000000        0xc MY_RTOS/scheduler.o
 .group         0x00000000        0xc MY_RTOS/scheduler.o
 .group         0x00000000        0xc MY_RTOS/scheduler.o
 .group         0x00000000        0xc MY_RTOS/scheduler.o
 .group         0x00000000        0xc MY_RTOS/scheduler.o
 .group         0x00000000        0xc MY_RTOS/scheduler.o
 .group         0x00000000        0xc MY_RTOS/scheduler.o
 .group         0x00000000        0xc MY_RTOS/scheduler.o
 .group         0x00000000        0xc MY_RTOS/scheduler.o
 .group         0x00000000        0xc MY_RTOS/scheduler.o
 .group         0x00000000        0xc MY_RTOS/scheduler.o
 .group         0x00000000        0xc MY_RTOS/scheduler.o
 .group         0x00000000        0xc MY_RTOS/scheduler.o
 .group         0x00000000        0xc MY_RTOS/scheduler.o
 .group         0x00000000        0xc MY_RTOS/scheduler.o
 .group         0x00000000        0xc MY_RTOS/scheduler.o
 .group         0x00000000        0xc MY_RTOS/scheduler.o
 .group         0x00000000        0xc MY_RTOS/scheduler.o
 .group         0x00000000        0xc MY_RTOS/scheduler.o
 .group         0x00000000        0xc MY_RTOS/scheduler.o
 .group         0x00000000        0xc MY_RTOS/scheduler.o
 .group         0x00000000        0xc MY_RTOS/scheduler.o
 .group         0x00000000        0xc MY_RTOS/scheduler.o
 .group         0x00000000        0xc MY_RTOS/scheduler.o
 .group         0x00000000        0xc MY_RTOS/scheduler.o
 .group         0x00000000        0xc MY_RTOS/scheduler.o
 .group         0x00000000        0xc MY_RTOS/scheduler.o
 .group         0x00000000        0xc MY_RTOS/scheduler.o
 .group         0x00000000        0xc MY_RTOS/scheduler.o
 .group         0x00000000        0xc MY_RTOS/scheduler.o
 .group         0x00000000        0xc MY_RTOS/scheduler.o
 .text          0x00000000        0x0 MY_RTOS/scheduler.o
 .data          0x00000000        0x0 MY_RTOS/scheduler.o
 .bss           0x00000000        0x0 MY_RTOS/scheduler.o
 .text.MYRTOS_TerminateTask
                0x00000000       0x1e MY_RTOS/scheduler.o
 .debug_macro   0x00000000      0xa60 MY_RTOS/scheduler.o
 .debug_macro   0x00000000       0x28 MY_RTOS/scheduler.o
 .debug_macro   0x00000000       0x22 MY_RTOS/scheduler.o
 .debug_macro   0x00000000       0x8e MY_RTOS/scheduler.o
 .debug_macro   0x00000000       0x51 MY_RTOS/scheduler.o
 .debug_macro   0x00000000       0xef MY_RTOS/scheduler.o
 .debug_macro   0x00000000       0x6a MY_RTOS/scheduler.o
 .debug_macro   0x00000000      0x1df MY_RTOS/scheduler.o
 .debug_macro   0x00000000       0x1c MY_RTOS/scheduler.o
 .debug_macro   0x00000000       0x22 MY_RTOS/scheduler.o
 .debug_macro   0x00000000       0xc3 MY_RTOS/scheduler.o
 .debug_macro   0x00000000      0xe3c MY_RTOS/scheduler.o
 .debug_macro   0x00000000       0x2e MY_RTOS/scheduler.o
 .debug_macro   0x00000000       0x18 MY_RTOS/scheduler.o
 .debug_macro   0x00000000       0x3c MY_RTOS/scheduler.o
 .debug_macro   0x00000000       0x34 MY_RTOS/scheduler.o
 .debug_macro   0x00000000       0x16 MY_RTOS/scheduler.o
 .debug_macro   0x00000000       0x97 MY_RTOS/scheduler.o
 .debug_macro   0x00000000       0xfd MY_RTOS/scheduler.o
 .debug_macro   0x00000000       0x10 MY_RTOS/scheduler.o
 .debug_macro   0x00000000       0x52 MY_RTOS/scheduler.o
 .debug_macro   0x00000000       0x1f MY_RTOS/scheduler.o
 .debug_macro   0x00000000       0x43 MY_RTOS/scheduler.o
 .debug_macro   0x00000000       0x20 MY_RTOS/scheduler.o
 .debug_macro   0x00000000      0x1a3 MY_RTOS/scheduler.o
 .debug_macro   0x00000000       0x10 MY_RTOS/scheduler.o
 .debug_macro   0x00000000       0x1c MY_RTOS/scheduler.o
 .debug_macro   0x00000000       0x52 MY_RTOS/scheduler.o
 .debug_macro   0x00000000       0x40 MY_RTOS/scheduler.o
 .debug_macro   0x00000000       0x10 MY_RTOS/scheduler.o
 .debug_macro   0x00000000       0x40 MY_RTOS/scheduler.o
 .debug_macro   0x00000000       0xd7 MY_RTOS/scheduler.o
 .debug_macro   0x00000000       0x1c MY_RTOS/scheduler.o
 .debug_macro   0x00000000       0x3d MY_RTOS/scheduler.o
 .debug_macro   0x00000000       0x16 MY_RTOS/scheduler.o
 .debug_macro   0x00000000      0x145 MY_RTOS/scheduler.o
 .group         0x00000000        0xc Src/EXTI_DRIVER.o
 .group         0x00000000        0xc Src/EXTI_DRIVER.o
 .group         0x00000000        0xc Src/EXTI_DRIVER.o
 .group         0x00000000        0xc Src/EXTI_DRIVER.o
 .group         0x00000000        0xc Src/EXTI_DRIVER.o
 .group         0x00000000        0xc Src/EXTI_DRIVER.o
 .group         0x00000000        0xc Src/EXTI_DRIVER.o
 .group         0x00000000        0xc Src/EXTI_DRIVER.o
 .group         0x00000000        0xc Src/EXTI_DRIVER.o
 .group         0x00000000        0xc Src/EXTI_DRIVER.o
 .group         0x00000000        0xc Src/EXTI_DRIVER.o
 .group         0x00000000        0xc Src/EXTI_DRIVER.o
 .group         0x00000000        0xc Src/EXTI_DRIVER.o
 .group         0x00000000        0xc Src/EXTI_DRIVER.o
 .group         0x00000000        0xc Src/EXTI_DRIVER.o
 .group         0x00000000        0xc Src/EXTI_DRIVER.o
 .group         0x00000000        0xc Src/EXTI_DRIVER.o
 .group         0x00000000        0xc Src/EXTI_DRIVER.o
 .group         0x00000000        0xc Src/EXTI_DRIVER.o
 .group         0x00000000        0xc Src/EXTI_DRIVER.o
 .group         0x00000000        0xc Src/EXTI_DRIVER.o
 .group         0x00000000        0xc Src/EXTI_DRIVER.o
 .group         0x00000000        0xc Src/EXTI_DRIVER.o
 .group         0x00000000        0xc Src/EXTI_DRIVER.o
 .group         0x00000000        0xc Src/EXTI_DRIVER.o
 .text          0x00000000        0x0 Src/EXTI_DRIVER.o
 .data          0x00000000        0x0 Src/EXTI_DRIVER.o
 .bss           0x00000000        0x0 Src/EXTI_DRIVER.o
 .text.ENABLE_NVIC
                0x00000000       0xcc Src/EXTI_DRIVER.o
 .text.DISABLE_NVIC
                0x00000000       0xcc Src/EXTI_DRIVER.o
 .text.Update_EXTI
                0x00000000      0x1d4 Src/EXTI_DRIVER.o
 .text.MCAL_EXTI_GPIO_DEINIT
                0x00000000       0x94 Src/EXTI_DRIVER.o
 .text.MCAL_EXTI_GPIO_INIT
                0x00000000       0x16 Src/EXTI_DRIVER.o
 .text.MCAL_EXTI_GPIO_UPDATE
                0x00000000       0x16 Src/EXTI_DRIVER.o
 .debug_macro   0x00000000      0xa60 Src/EXTI_DRIVER.o
 .debug_macro   0x00000000       0x18 Src/EXTI_DRIVER.o
 .debug_macro   0x00000000       0x22 Src/EXTI_DRIVER.o
 .debug_macro   0x00000000       0x40 Src/EXTI_DRIVER.o
 .debug_macro   0x00000000       0x94 Src/EXTI_DRIVER.o
 .debug_macro   0x00000000       0x3c Src/EXTI_DRIVER.o
 .debug_macro   0x00000000       0x34 Src/EXTI_DRIVER.o
 .debug_macro   0x00000000       0x57 Src/EXTI_DRIVER.o
 .debug_macro   0x00000000       0x52 Src/EXTI_DRIVER.o
 .debug_macro   0x00000000       0x1f Src/EXTI_DRIVER.o
 .debug_macro   0x00000000       0x43 Src/EXTI_DRIVER.o
 .debug_macro   0x00000000       0x20 Src/EXTI_DRIVER.o
 .debug_macro   0x00000000      0x1a3 Src/EXTI_DRIVER.o
 .debug_macro   0x00000000      0x330 Src/EXTI_DRIVER.o
 .debug_macro   0x00000000       0xef Src/EXTI_DRIVER.o
 .debug_macro   0x00000000       0x6a Src/EXTI_DRIVER.o
 .debug_macro   0x00000000      0x1df Src/EXTI_DRIVER.o
 .group         0x00000000        0xc Src/STM32_F103C6_GPIO_DRIVERS.o
 .group         0x00000000        0xc Src/STM32_F103C6_GPIO_DRIVERS.o
 .group         0x00000000        0xc Src/STM32_F103C6_GPIO_DRIVERS.o
 .group         0x00000000        0xc Src/STM32_F103C6_GPIO_DRIVERS.o
 .group         0x00000000        0xc Src/STM32_F103C6_GPIO_DRIVERS.o
 .group         0x00000000        0xc Src/STM32_F103C6_GPIO_DRIVERS.o
 .group         0x00000000        0xc Src/STM32_F103C6_GPIO_DRIVERS.o
 .group         0x00000000        0xc Src/STM32_F103C6_GPIO_DRIVERS.o
 .group         0x00000000        0xc Src/STM32_F103C6_GPIO_DRIVERS.o
 .group         0x00000000        0xc Src/STM32_F103C6_GPIO_DRIVERS.o
 .group         0x00000000        0xc Src/STM32_F103C6_GPIO_DRIVERS.o
 .group         0x00000000        0xc Src/STM32_F103C6_GPIO_DRIVERS.o
 .group         0x00000000        0xc Src/STM32_F103C6_GPIO_DRIVERS.o
 .group         0x00000000        0xc Src/STM32_F103C6_GPIO_DRIVERS.o
 .group         0x00000000        0xc Src/STM32_F103C6_GPIO_DRIVERS.o
 .group         0x00000000        0xc Src/STM32_F103C6_GPIO_DRIVERS.o
 .group         0x00000000        0xc Src/STM32_F103C6_GPIO_DRIVERS.o
 .group         0x00000000        0xc Src/STM32_F103C6_GPIO_DRIVERS.o
 .group         0x00000000        0xc Src/STM32_F103C6_GPIO_DRIVERS.o
 .group         0x00000000        0xc Src/STM32_F103C6_GPIO_DRIVERS.o
 .group         0x00000000        0xc Src/STM32_F103C6_GPIO_DRIVERS.o
 .group         0x00000000        0xc Src/STM32_F103C6_GPIO_DRIVERS.o
 .group         0x00000000        0xc Src/STM32_F103C6_GPIO_DRIVERS.o
 .group         0x00000000        0xc Src/STM32_F103C6_GPIO_DRIVERS.o
 .text          0x00000000        0x0 Src/STM32_F103C6_GPIO_DRIVERS.o
 .data          0x00000000        0x0 Src/STM32_F103C6_GPIO_DRIVERS.o
 .bss           0x00000000        0x0 Src/STM32_F103C6_GPIO_DRIVERS.o
 .text.Get_CRLH_Postion
                0x00000000       0xc6 Src/STM32_F103C6_GPIO_DRIVERS.o
 .text.MCAL_GPIO_Init
                0x00000000       0xf6 Src/STM32_F103C6_GPIO_DRIVERS.o
 .text.MCAL_GPIO_DeInit
                0x00000000       0xd4 Src/STM32_F103C6_GPIO_DRIVERS.o
 .text.MCAL_GPIO_Read_Pin
                0x00000000       0x32 Src/STM32_F103C6_GPIO_DRIVERS.o
 .text.MCAL_GPIO_ReadPort
                0x00000000       0x1e Src/STM32_F103C6_GPIO_DRIVERS.o
 .text.MCAL_GPIO_WritePin
                0x00000000       0x3c Src/STM32_F103C6_GPIO_DRIVERS.o
 .text.MCAL_GPIO_WritePort
                0x00000000       0x1c Src/STM32_F103C6_GPIO_DRIVERS.o
 .text.MCAL_GPIO_Toggle_pin
                0x00000000       0x22 Src/STM32_F103C6_GPIO_DRIVERS.o
 .text.MCAL_GPIO_Lock_pin
                0x00000000       0x4c Src/STM32_F103C6_GPIO_DRIVERS.o
 .debug_info    0x00000000      0xd6a Src/STM32_F103C6_GPIO_DRIVERS.o
 .debug_abbrev  0x00000000      0x223 Src/STM32_F103C6_GPIO_DRIVERS.o
 .debug_loc     0x00000000      0x330 Src/STM32_F103C6_GPIO_DRIVERS.o
 .debug_aranges
                0x00000000       0x60 Src/STM32_F103C6_GPIO_DRIVERS.o
 .debug_ranges  0x00000000       0x50 Src/STM32_F103C6_GPIO_DRIVERS.o
 .debug_macro   0x00000000      0x13f Src/STM32_F103C6_GPIO_DRIVERS.o
 .debug_macro   0x00000000      0xa60 Src/STM32_F103C6_GPIO_DRIVERS.o
 .debug_macro   0x00000000       0x18 Src/STM32_F103C6_GPIO_DRIVERS.o
 .debug_macro   0x00000000       0x22 Src/STM32_F103C6_GPIO_DRIVERS.o
 .debug_macro   0x00000000       0x40 Src/STM32_F103C6_GPIO_DRIVERS.o
 .debug_macro   0x00000000       0x94 Src/STM32_F103C6_GPIO_DRIVERS.o
 .debug_macro   0x00000000       0x3c Src/STM32_F103C6_GPIO_DRIVERS.o
 .debug_macro   0x00000000       0x34 Src/STM32_F103C6_GPIO_DRIVERS.o
 .debug_macro   0x00000000       0x16 Src/STM32_F103C6_GPIO_DRIVERS.o
 .debug_macro   0x00000000      0x10e Src/STM32_F103C6_GPIO_DRIVERS.o
 .debug_macro   0x00000000       0x8d Src/STM32_F103C6_GPIO_DRIVERS.o
 .debug_macro   0x00000000       0x57 Src/STM32_F103C6_GPIO_DRIVERS.o
 .debug_macro   0x00000000       0x52 Src/STM32_F103C6_GPIO_DRIVERS.o
 .debug_macro   0x00000000       0x1f Src/STM32_F103C6_GPIO_DRIVERS.o
 .debug_macro   0x00000000       0x43 Src/STM32_F103C6_GPIO_DRIVERS.o
 .debug_macro   0x00000000       0x20 Src/STM32_F103C6_GPIO_DRIVERS.o
 .debug_macro   0x00000000      0x1a3 Src/STM32_F103C6_GPIO_DRIVERS.o
 .debug_macro   0x00000000      0x330 Src/STM32_F103C6_GPIO_DRIVERS.o
 .debug_macro   0x00000000       0x16 Src/STM32_F103C6_GPIO_DRIVERS.o
 .debug_macro   0x00000000       0x29 Src/STM32_F103C6_GPIO_DRIVERS.o
 .debug_macro   0x00000000       0xef Src/STM32_F103C6_GPIO_DRIVERS.o
 .debug_macro   0x00000000       0x6a Src/STM32_F103C6_GPIO_DRIVERS.o
 .debug_macro   0x00000000      0x1df Src/STM32_F103C6_GPIO_DRIVERS.o
 .debug_macro   0x00000000      0x1b0 Src/STM32_F103C6_GPIO_DRIVERS.o
 .debug_macro   0x00000000       0xd0 Src/STM32_F103C6_GPIO_DRIVERS.o
 .debug_line    0x00000000      0x611 Src/STM32_F103C6_GPIO_DRIVERS.o
 .debug_str     0x00000000     0x7d4d Src/STM32_F103C6_GPIO_DRIVERS.o
 .comment       0x00000000       0x80 Src/STM32_F103C6_GPIO_DRIVERS.o
 .debug_frame   0x00000000      0x178 Src/STM32_F103C6_GPIO_DRIVERS.o
 .ARM.attributes
                0x00000000       0x33 Src/STM32_F103C6_GPIO_DRIVERS.o
 .group         0x00000000        0xc Src/lcd_me.o
 .group         0x00000000        0xc Src/lcd_me.o
 .group         0x00000000        0xc Src/lcd_me.o
 .group         0x00000000        0xc Src/lcd_me.o
 .group         0x00000000        0xc Src/lcd_me.o
 .group         0x00000000        0xc Src/lcd_me.o
 .group         0x00000000        0xc Src/lcd_me.o
 .group         0x00000000        0xc Src/lcd_me.o
 .group         0x00000000        0xc Src/lcd_me.o
 .group         0x00000000        0xc Src/lcd_me.o
 .group         0x00000000        0xc Src/lcd_me.o
 .group         0x00000000        0xc Src/lcd_me.o
 .group         0x00000000        0xc Src/lcd_me.o
 .group         0x00000000        0xc Src/lcd_me.o
 .group         0x00000000        0xc Src/lcd_me.o
 .group         0x00000000        0xc Src/lcd_me.o
 .group         0x00000000        0xc Src/lcd_me.o
 .group         0x00000000        0xc Src/lcd_me.o
 .group         0x00000000        0xc Src/lcd_me.o
 .group         0x00000000        0xc Src/lcd_me.o
 .group         0x00000000        0xc Src/lcd_me.o
 .group         0x00000000        0xc Src/lcd_me.o
 .group         0x00000000        0xc Src/lcd_me.o
 .group         0x00000000        0xc Src/lcd_me.o
 .group         0x00000000        0xc Src/lcd_me.o
 .text          0x00000000        0x0 Src/lcd_me.o
 .data          0x00000000        0x0 Src/lcd_me.o
 .bss           0x00000000        0x0 Src/lcd_me.o
 .text.LCD_clear_screen
                0x00000000        0xe Src/lcd_me.o
 .text.Wait     0x00000000       0x2a Src/lcd_me.o
 .text.LCD_INIT
                0x00000000       0x30 Src/lcd_me.o
 .text.LCD_WRITE_COMMAND
                0x00000000       0x70 Src/lcd_me.o
 .text.LCD_WRITE_CHAR
                0x00000000       0x5c Src/lcd_me.o
 .text.LCD_WRITE_STRING
                0x00000000       0x5a Src/lcd_me.o
 .rodata        0x00000000        0x4 Src/lcd_me.o
 .text.LCD_GOTO_XY
                0x00000000       0x44 Src/lcd_me.o
 .text.LCD_INT_NUM
                0x00000000       0x1e Src/lcd_me.o
 .text.lcd_num  0x00000000       0x58 Src/lcd_me.o
 .debug_info    0x00000000      0xbab Src/lcd_me.o
 .debug_abbrev  0x00000000      0x1ec Src/lcd_me.o
 .debug_loc     0x00000000      0x294 Src/lcd_me.o
 .debug_aranges
                0x00000000       0x60 Src/lcd_me.o
 .debug_ranges  0x00000000       0x50 Src/lcd_me.o
 .debug_macro   0x00000000      0x148 Src/lcd_me.o
 .debug_macro   0x00000000      0xa60 Src/lcd_me.o
 .debug_macro   0x00000000       0x18 Src/lcd_me.o
 .debug_macro   0x00000000       0x22 Src/lcd_me.o
 .debug_macro   0x00000000       0x40 Src/lcd_me.o
 .debug_macro   0x00000000       0x94 Src/lcd_me.o
 .debug_macro   0x00000000       0x3c Src/lcd_me.o
 .debug_macro   0x00000000       0x34 Src/lcd_me.o
 .debug_macro   0x00000000       0x16 Src/lcd_me.o
 .debug_macro   0x00000000      0x10e Src/lcd_me.o
 .debug_macro   0x00000000       0x8d Src/lcd_me.o
 .debug_macro   0x00000000       0x57 Src/lcd_me.o
 .debug_macro   0x00000000       0x52 Src/lcd_me.o
 .debug_macro   0x00000000       0x1f Src/lcd_me.o
 .debug_macro   0x00000000       0x43 Src/lcd_me.o
 .debug_macro   0x00000000       0x20 Src/lcd_me.o
 .debug_macro   0x00000000      0x1a3 Src/lcd_me.o
 .debug_macro   0x00000000      0x330 Src/lcd_me.o
 .debug_macro   0x00000000       0x16 Src/lcd_me.o
 .debug_macro   0x00000000       0x29 Src/lcd_me.o
 .debug_macro   0x00000000       0xef Src/lcd_me.o
 .debug_macro   0x00000000       0x6a Src/lcd_me.o
 .debug_macro   0x00000000      0x1df Src/lcd_me.o
 .debug_macro   0x00000000      0x1b0 Src/lcd_me.o
 .debug_macro   0x00000000       0xd6 Src/lcd_me.o
 .debug_macro   0x00000000       0x9a Src/lcd_me.o
 .debug_line    0x00000000      0x5c5 Src/lcd_me.o
 .debug_str     0x00000000     0x7ea6 Src/lcd_me.o
 .comment       0x00000000       0x80 Src/lcd_me.o
 .debug_frame   0x00000000      0x148 Src/lcd_me.o
 .ARM.attributes
                0x00000000       0x33 Src/lcd_me.o
 .group         0x00000000        0xc Src/main.o
 .group         0x00000000        0xc Src/main.o
 .group         0x00000000        0xc Src/main.o
 .group         0x00000000        0xc Src/main.o
 .group         0x00000000        0xc Src/main.o
 .group         0x00000000        0xc Src/main.o
 .group         0x00000000        0xc Src/main.o
 .group         0x00000000        0xc Src/main.o
 .group         0x00000000        0xc Src/main.o
 .group         0x00000000        0xc Src/main.o
 .group         0x00000000        0xc Src/main.o
 .group         0x00000000        0xc Src/main.o
 .group         0x00000000        0xc Src/main.o
 .group         0x00000000        0xc Src/main.o
 .group         0x00000000        0xc Src/main.o
 .group         0x00000000        0xc Src/main.o
 .group         0x00000000        0xc Src/main.o
 .group         0x00000000        0xc Src/main.o
 .group         0x00000000        0xc Src/main.o
 .group         0x00000000        0xc Src/main.o
 .group         0x00000000        0xc Src/main.o
 .group         0x00000000        0xc Src/main.o
 .group         0x00000000        0xc Src/main.o
 .group         0x00000000        0xc Src/main.o
 .group         0x00000000        0xc Src/main.o
 .group         0x00000000        0xc Src/main.o
 .group         0x00000000        0xc Src/main.o
 .group         0x00000000        0xc Src/main.o
 .group         0x00000000        0xc Src/main.o
 .group         0x00000000        0xc Src/main.o
 .group         0x00000000        0xc Src/main.o
 .group         0x00000000        0xc Src/main.o
 .text          0x00000000        0x0 Src/main.o
 .data          0x00000000        0x0 Src/main.o
 .bss           0x00000000        0x0 Src/main.o
 .bss.count.5403
                0x00000000        0x4 Src/main.o
 .debug_macro   0x00000000      0xa60 Src/main.o
 .debug_macro   0x00000000       0x28 Src/main.o
 .debug_macro   0x00000000       0x22 Src/main.o
 .debug_macro   0x00000000       0x8e Src/main.o
 .debug_macro   0x00000000       0x51 Src/main.o
 .debug_macro   0x00000000       0xef Src/main.o
 .debug_macro   0x00000000       0x6a Src/main.o
 .debug_macro   0x00000000      0x1df Src/main.o
 .debug_macro   0x00000000       0x1c Src/main.o
 .debug_macro   0x00000000       0x22 Src/main.o
 .debug_macro   0x00000000       0xc3 Src/main.o
 .debug_macro   0x00000000      0xe3c Src/main.o
 .debug_macro   0x00000000       0x18 Src/main.o
 .debug_macro   0x00000000       0x46 Src/main.o
 .debug_macro   0x00000000       0x3c Src/main.o
 .debug_macro   0x00000000       0x34 Src/main.o
 .debug_macro   0x00000000       0x16 Src/main.o
 .debug_macro   0x00000000      0x10e Src/main.o
 .debug_macro   0x00000000       0x8d Src/main.o
 .debug_macro   0x00000000       0x52 Src/main.o
 .debug_macro   0x00000000       0x1f Src/main.o
 .debug_macro   0x00000000       0x43 Src/main.o
 .debug_macro   0x00000000       0x20 Src/main.o
 .debug_macro   0x00000000      0x1a3 Src/main.o
 .debug_macro   0x00000000      0x32a Src/main.o
 .debug_macro   0x00000000       0x16 Src/main.o
 .debug_macro   0x00000000       0x29 Src/main.o
 .debug_macro   0x00000000      0x1b0 Src/main.o
 .debug_macro   0x00000000       0xd6 Src/main.o
 .debug_macro   0x00000000       0x9a Src/main.o
 .debug_macro   0x00000000      0x229 Src/main.o
 .debug_macro   0x00000000       0x2e Src/main.o
 .group         0x00000000        0xc Src/syscalls.o
 .group         0x00000000        0xc Src/syscalls.o
 .group         0x00000000        0xc Src/syscalls.o
 .group         0x00000000        0xc Src/syscalls.o
 .group         0x00000000        0xc Src/syscalls.o
 .group         0x00000000        0xc Src/syscalls.o
 .group         0x00000000        0xc Src/syscalls.o
 .group         0x00000000        0xc Src/syscalls.o
 .group         0x00000000        0xc Src/syscalls.o
 .group         0x00000000        0xc Src/syscalls.o
 .group         0x00000000        0xc Src/syscalls.o
 .group         0x00000000        0xc Src/syscalls.o
 .group         0x00000000        0xc Src/syscalls.o
 .group         0x00000000        0xc Src/syscalls.o
 .group         0x00000000        0xc Src/syscalls.o
 .group         0x00000000        0xc Src/syscalls.o
 .group         0x00000000        0xc Src/syscalls.o
 .group         0x00000000        0xc Src/syscalls.o
 .group         0x00000000        0xc Src/syscalls.o
 .group         0x00000000        0xc Src/syscalls.o
 .group         0x00000000        0xc Src/syscalls.o
 .group         0x00000000        0xc Src/syscalls.o
 .group         0x00000000        0xc Src/syscalls.o
 .group         0x00000000        0xc Src/syscalls.o
 .group         0x00000000        0xc Src/syscalls.o
 .group         0x00000000        0xc Src/syscalls.o
 .group         0x00000000        0xc Src/syscalls.o
 .group         0x00000000        0xc Src/syscalls.o
 .group         0x00000000        0xc Src/syscalls.o
 .group         0x00000000        0xc Src/syscalls.o
 .group         0x00000000        0xc Src/syscalls.o
 .group         0x00000000        0xc Src/syscalls.o
 .group         0x00000000        0xc Src/syscalls.o
 .group         0x00000000        0xc Src/syscalls.o
 .group         0x00000000        0xc Src/syscalls.o
 .group         0x00000000        0xc Src/syscalls.o
 .group         0x00000000        0xc Src/syscalls.o
 .group         0x00000000        0xc Src/syscalls.o
 .group         0x00000000        0xc Src/syscalls.o
 .group         0x00000000        0xc Src/syscalls.o
 .group         0x00000000        0xc Src/syscalls.o
 .group         0x00000000        0xc Src/syscalls.o
 .group         0x00000000        0xc Src/syscalls.o
 .group         0x00000000        0xc Src/syscalls.o
 .text          0x00000000        0x0 Src/syscalls.o
 .data          0x00000000        0x0 Src/syscalls.o
 .bss           0x00000000        0x0 Src/syscalls.o
 .bss.__env     0x00000000        0x4 Src/syscalls.o
 .data.environ  0x00000000        0x4 Src/syscalls.o
 .text.initialise_monitor_handles
                0x00000000        0xc Src/syscalls.o
 .text._getpid  0x00000000        0xe Src/syscalls.o
 .text._kill    0x00000000       0x20 Src/syscalls.o
 .text._exit    0x00000000       0x14 Src/syscalls.o
 .text._read    0x00000000       0x3a Src/syscalls.o
 .text._write   0x00000000       0x38 Src/syscalls.o
 .text._close   0x00000000       0x16 Src/syscalls.o
 .text._fstat   0x00000000       0x1e Src/syscalls.o
 .text._isatty  0x00000000       0x14 Src/syscalls.o
 .text._lseek   0x00000000       0x18 Src/syscalls.o
 .text._open    0x00000000       0x1a Src/syscalls.o
 .text._wait    0x00000000       0x1e Src/syscalls.o
 .text._unlink  0x00000000       0x1e Src/syscalls.o
 .text._times   0x00000000       0x16 Src/syscalls.o
 .text._stat    0x00000000       0x1e Src/syscalls.o
 .text._link    0x00000000       0x20 Src/syscalls.o
 .text._fork    0x00000000       0x16 Src/syscalls.o
 .text._execve  0x00000000       0x22 Src/syscalls.o
 .debug_info    0x00000000     0x1038 Src/syscalls.o
 .debug_abbrev  0x00000000      0x254 Src/syscalls.o
 .debug_loc     0x00000000      0x5b8 Src/syscalls.o
 .debug_aranges
                0x00000000       0xa8 Src/syscalls.o
 .debug_ranges  0x00000000       0x98 Src/syscalls.o
 .debug_macro   0x00000000      0x243 Src/syscalls.o
 .debug_macro   0x00000000      0xa60 Src/syscalls.o
 .debug_macro   0x00000000       0x22 Src/syscalls.o
 .debug_macro   0x00000000       0x40 Src/syscalls.o
 .debug_macro   0x00000000       0x18 Src/syscalls.o
 .debug_macro   0x00000000       0x94 Src/syscalls.o
 .debug_macro   0x00000000       0x3c Src/syscalls.o
 .debug_macro   0x00000000       0x34 Src/syscalls.o
 .debug_macro   0x00000000       0x57 Src/syscalls.o
 .debug_macro   0x00000000      0x174 Src/syscalls.o
 .debug_macro   0x00000000      0x330 Src/syscalls.o
 .debug_macro   0x00000000       0x52 Src/syscalls.o
 .debug_macro   0x00000000       0x1f Src/syscalls.o
 .debug_macro   0x00000000       0x43 Src/syscalls.o
 .debug_macro   0x00000000       0x20 Src/syscalls.o
 .debug_macro   0x00000000      0x1a3 Src/syscalls.o
 .debug_macro   0x00000000       0x10 Src/syscalls.o
 .debug_macro   0x00000000       0x35 Src/syscalls.o
 .debug_macro   0x00000000       0x10 Src/syscalls.o
 .debug_macro   0x00000000       0x10 Src/syscalls.o
 .debug_macro   0x00000000       0x10 Src/syscalls.o
 .debug_macro   0x00000000       0x6a Src/syscalls.o
 .debug_macro   0x00000000       0x1c Src/syscalls.o
 .debug_macro   0x00000000       0x52 Src/syscalls.o
 .debug_macro   0x00000000       0x40 Src/syscalls.o
 .debug_macro   0x00000000       0x10 Src/syscalls.o
 .debug_macro   0x00000000       0x40 Src/syscalls.o
 .debug_macro   0x00000000       0xd7 Src/syscalls.o
 .debug_macro   0x00000000       0x1c Src/syscalls.o
 .debug_macro   0x00000000       0x3d Src/syscalls.o
 .debug_macro   0x00000000       0x35 Src/syscalls.o
 .debug_macro   0x00000000      0x122 Src/syscalls.o
 .debug_macro   0x00000000       0x16 Src/syscalls.o
 .debug_macro   0x00000000       0x16 Src/syscalls.o
 .debug_macro   0x00000000       0x29 Src/syscalls.o
 .debug_macro   0x00000000       0x10 Src/syscalls.o
 .debug_macro   0x00000000      0x241 Src/syscalls.o
 .debug_macro   0x00000000       0x1c Src/syscalls.o
 .debug_macro   0x00000000       0x10 Src/syscalls.o
 .debug_macro   0x00000000       0x10 Src/syscalls.o
 .debug_macro   0x00000000       0x16 Src/syscalls.o
 .debug_macro   0x00000000      0x145 Src/syscalls.o
 .debug_macro   0x00000000      0x189 Src/syscalls.o
 .debug_macro   0x00000000       0x16 Src/syscalls.o
 .debug_macro   0x00000000       0x88 Src/syscalls.o
 .debug_line    0x00000000      0x72a Src/syscalls.o
 .debug_str     0x00000000     0x8854 Src/syscalls.o
 .comment       0x00000000       0x80 Src/syscalls.o
 .debug_frame   0x00000000      0x2ac Src/syscalls.o
 .ARM.attributes
                0x00000000       0x33 Src/syscalls.o
 .group         0x00000000        0xc Src/sysmem.o
 .group         0x00000000        0xc Src/sysmem.o
 .group         0x00000000        0xc Src/sysmem.o
 .group         0x00000000        0xc Src/sysmem.o
 .group         0x00000000        0xc Src/sysmem.o
 .group         0x00000000        0xc Src/sysmem.o
 .group         0x00000000        0xc Src/sysmem.o
 .group         0x00000000        0xc Src/sysmem.o
 .group         0x00000000        0xc Src/sysmem.o
 .group         0x00000000        0xc Src/sysmem.o
 .group         0x00000000        0xc Src/sysmem.o
 .group         0x00000000        0xc Src/sysmem.o
 .group         0x00000000        0xc Src/sysmem.o
 .group         0x00000000        0xc Src/sysmem.o
 .group         0x00000000        0xc Src/sysmem.o
 .group         0x00000000        0xc Src/sysmem.o
 .group         0x00000000        0xc Src/sysmem.o
 .group         0x00000000        0xc Src/sysmem.o
 .group         0x00000000        0xc Src/sysmem.o
 .text          0x00000000        0x0 Src/sysmem.o
 .data          0x00000000        0x0 Src/sysmem.o
 .bss           0x00000000        0x0 Src/sysmem.o
 .bss.__sbrk_heap_end
                0x00000000        0x4 Src/sysmem.o
 .text._sbrk    0x00000000       0x6c Src/sysmem.o
 .debug_info    0x00000000      0xa7c Src/sysmem.o
 .debug_abbrev  0x00000000      0x18e Src/sysmem.o
 .debug_loc     0x00000000       0x50 Src/sysmem.o
 .debug_aranges
                0x00000000       0x20 Src/sysmem.o
 .debug_ranges  0x00000000       0x10 Src/sysmem.o
 .debug_macro   0x00000000       0xee Src/sysmem.o
 .debug_macro   0x00000000      0xa60 Src/sysmem.o
 .debug_macro   0x00000000       0x10 Src/sysmem.o
 .debug_macro   0x00000000       0x22 Src/sysmem.o
 .debug_macro   0x00000000       0x40 Src/sysmem.o
 .debug_macro   0x00000000       0x18 Src/sysmem.o
 .debug_macro   0x00000000       0x94 Src/sysmem.o
 .debug_macro   0x00000000       0x3c Src/sysmem.o
 .debug_macro   0x00000000       0x34 Src/sysmem.o
 .debug_macro   0x00000000      0x174 Src/sysmem.o
 .debug_macro   0x00000000       0x57 Src/sysmem.o
 .debug_macro   0x00000000       0x52 Src/sysmem.o
 .debug_macro   0x00000000       0x1f Src/sysmem.o
 .debug_macro   0x00000000       0x43 Src/sysmem.o
 .debug_macro   0x00000000       0x20 Src/sysmem.o
 .debug_macro   0x00000000      0x1a3 Src/sysmem.o
 .debug_macro   0x00000000      0x23b Src/sysmem.o
 .debug_macro   0x00000000       0xef Src/sysmem.o
 .debug_macro   0x00000000       0x6a Src/sysmem.o
 .debug_macro   0x00000000      0x1df Src/sysmem.o
 .debug_line    0x00000000      0x4b3 Src/sysmem.o
 .debug_str     0x00000000     0x5f22 Src/sysmem.o
 .comment       0x00000000       0x80 Src/sysmem.o
 .debug_frame   0x00000000       0x34 Src/sysmem.o
 .ARM.attributes
                0x00000000       0x33 Src/sysmem.o
 .text          0x00000000       0x14 Startup/startup_stm32f103c6tx.o
 .data          0x00000000        0x0 Startup/startup_stm32f103c6tx.o
 .bss           0x00000000        0x0 Startup/startup_stm32f103c6tx.o
 .text          0x00000000        0x0 c:/st/stm32cubeide_1.4.0/stm32cubeide/plugins/com.st.stm32cube.ide.mcu.externaltools.gnu-arm-embedded.7-2018-q2-update.win32_1.4.0.202007081208/tools/bin/../lib/gcc/arm-none-eabi/7.3.1/../../../../arm-none-eabi/lib/thumb/v7-m\libc_nano.a(lib_a-errno.o)
 .data          0x00000000        0x0 c:/st/stm32cubeide_1.4.0/stm32cubeide/plugins/com.st.stm32cube.ide.mcu.externaltools.gnu-arm-embedded.7-2018-q2-update.win32_1.4.0.202007081208/tools/bin/../lib/gcc/arm-none-eabi/7.3.1/../../../../arm-none-eabi/lib/thumb/v7-m\libc_nano.a(lib_a-errno.o)
 .bss           0x00000000        0x0 c:/st/stm32cubeide_1.4.0/stm32cubeide/plugins/com.st.stm32cube.ide.mcu.externaltools.gnu-arm-embedded.7-2018-q2-update.win32_1.4.0.202007081208/tools/bin/../lib/gcc/arm-none-eabi/7.3.1/../../../../arm-none-eabi/lib/thumb/v7-m\libc_nano.a(lib_a-errno.o)
 .text.__errno  0x00000000        0xc c:/st/stm32cubeide_1.4.0/stm32cubeide/plugins/com.st.stm32cube.ide.mcu.externaltools.gnu-arm-embedded.7-2018-q2-update.win32_1.4.0.202007081208/tools/bin/../lib/gcc/arm-none-eabi/7.3.1/../../../../arm-none-eabi/lib/thumb/v7-m\libc_nano.a(lib_a-errno.o)
 .debug_frame   0x00000000       0x20 c:/st/stm32cubeide_1.4.0/stm32cubeide/plugins/com.st.stm32cube.ide.mcu.externaltools.gnu-arm-embedded.7-2018-q2-update.win32_1.4.0.202007081208/tools/bin/../lib/gcc/arm-none-eabi/7.3.1/../../../../arm-none-eabi/lib/thumb/v7-m\libc_nano.a(lib_a-errno.o)
 .ARM.attributes
                0x00000000       0x2d c:/st/stm32cubeide_1.4.0/stm32cubeide/plugins/com.st.stm32cube.ide.mcu.externaltools.gnu-arm-embedded.7-2018-q2-update.win32_1.4.0.202007081208/tools/bin/../lib/gcc/arm-none-eabi/7.3.1/../../../../arm-none-eabi/lib/thumb/v7-m\libc_nano.a(lib_a-errno.o)
 .text          0x00000000        0x0 c:/st/stm32cubeide_1.4.0/stm32cubeide/plugins/com.st.stm32cube.ide.mcu.externaltools.gnu-arm-embedded.7-2018-q2-update.win32_1.4.0.202007081208/tools/bin/../lib/gcc/arm-none-eabi/7.3.1/../../../../arm-none-eabi/lib/thumb/v7-m\libc_nano.a(lib_a-exit.o)
 .data          0x00000000        0x0 c:/st/stm32cubeide_1.4.0/stm32cubeide/plugins/com.st.stm32cube.ide.mcu.externaltools.gnu-arm-embedded.7-2018-q2-update.win32_1.4.0.202007081208/tools/bin/../lib/gcc/arm-none-eabi/7.3.1/../../../../arm-none-eabi/lib/thumb/v7-m\libc_nano.a(lib_a-exit.o)
 .bss           0x00000000        0x0 c:/st/stm32cubeide_1.4.0/stm32cubeide/plugins/com.st.stm32cube.ide.mcu.externaltools.gnu-arm-embedded.7-2018-q2-update.win32_1.4.0.202007081208/tools/bin/../lib/gcc/arm-none-eabi/7.3.1/../../../../arm-none-eabi/lib/thumb/v7-m\libc_nano.a(lib_a-exit.o)
 .text.exit     0x00000000       0x28 c:/st/stm32cubeide_1.4.0/stm32cubeide/plugins/com.st.stm32cube.ide.mcu.externaltools.gnu-arm-embedded.7-2018-q2-update.win32_1.4.0.202007081208/tools/bin/../lib/gcc/arm-none-eabi/7.3.1/../../../../arm-none-eabi/lib/thumb/v7-m\libc_nano.a(lib_a-exit.o)
 .debug_frame   0x00000000       0x28 c:/st/stm32cubeide_1.4.0/stm32cubeide/plugins/com.st.stm32cube.ide.mcu.externaltools.gnu-arm-embedded.7-2018-q2-update.win32_1.4.0.202007081208/tools/bin/../lib/gcc/arm-none-eabi/7.3.1/../../../../arm-none-eabi/lib/thumb/v7-m\libc_nano.a(lib_a-exit.o)
 .ARM.attributes
                0x00000000       0x2d c:/st/stm32cubeide_1.4.0/stm32cubeide/plugins/com.st.stm32cube.ide.mcu.externaltools.gnu-arm-embedded.7-2018-q2-update.win32_1.4.0.202007081208/tools/bin/../lib/gcc/arm-none-eabi/7.3.1/../../../../arm-none-eabi/lib/thumb/v7-m\libc_nano.a(lib_a-exit.o)
 .text          0x00000000        0x0 c:/st/stm32cubeide_1.4.0/stm32cubeide/plugins/com.st.stm32cube.ide.mcu.externaltools.gnu-arm-embedded.7-2018-q2-update.win32_1.4.0.202007081208/tools/bin/../lib/gcc/arm-none-eabi/7.3.1/../../../../arm-none-eabi/lib/thumb/v7-m\libc_nano.a(lib_a-impure.o)
 .data          0x00000000        0x0 c:/st/stm32cubeide_1.4.0/stm32cubeide/plugins/com.st.stm32cube.ide.mcu.externaltools.gnu-arm-embedded.7-2018-q2-update.win32_1.4.0.202007081208/tools/bin/../lib/gcc/arm-none-eabi/7.3.1/../../../../arm-none-eabi/lib/thumb/v7-m\libc_nano.a(lib_a-impure.o)
 .bss           0x00000000        0x0 c:/st/stm32cubeide_1.4.0/stm32cubeide/plugins/com.st.stm32cube.ide.mcu.externaltools.gnu-arm-embedded.7-2018-q2-update.win32_1.4.0.202007081208/tools/bin/../lib/gcc/arm-none-eabi/7.3.1/../../../../arm-none-eabi/lib/thumb/v7-m\libc_nano.a(lib_a-impure.o)
 .data._impure_ptr
                0x00000000        0x4 c:/st/stm32cubeide_1.4.0/stm32cubeide/plugins/com.st.stm32cube.ide.mcu.externaltools.gnu-arm-embedded.7-2018-q2-update.win32_1.4.0.202007081208/tools/bin/../lib/gcc/arm-none-eabi/7.3.1/../../../../arm-none-eabi/lib/thumb/v7-m\libc_nano.a(lib_a-impure.o)
 .data.impure_data
                0x00000000       0x60 c:/st/stm32cubeide_1.4.0/stm32cubeide/plugins/com.st.stm32cube.ide.mcu.externaltools.gnu-arm-embedded.7-2018-q2-update.win32_1.4.0.202007081208/tools/bin/../lib/gcc/arm-none-eabi/7.3.1/../../../../arm-none-eabi/lib/thumb/v7-m\libc_nano.a(lib_a-impure.o)
 .rodata._global_impure_ptr
                0x00000000        0x4 c:/st/stm32cubeide_1.4.0/stm32cubeide/plugins/com.st.stm32cube.ide.mcu.externaltools.gnu-arm-embedded.7-2018-q2-update.win32_1.4.0.202007081208/tools/bin/../lib/gcc/arm-none-eabi/7.3.1/../../../../arm-none-eabi/lib/thumb/v7-m\libc_nano.a(lib_a-impure.o)
 .ARM.attributes
                0x00000000       0x2d c:/st/stm32cubeide_1.4.0/stm32cubeide/plugins/com.st.stm32cube.ide.mcu.externaltools.gnu-arm-embedded.7-2018-q2-update.win32_1.4.0.202007081208/tools/bin/../lib/gcc/arm-none-eabi/7.3.1/../../../../arm-none-eabi/lib/thumb/v7-m\libc_nano.a(lib_a-impure.o)
 .text          0x00000000        0x0 c:/st/stm32cubeide_1.4.0/stm32cubeide/plugins/com.st.stm32cube.ide.mcu.externaltools.gnu-arm-embedded.7-2018-q2-update.win32_1.4.0.202007081208/tools/bin/../lib/gcc/arm-none-eabi/7.3.1/../../../../arm-none-eabi/lib/thumb/v7-m\libc_nano.a(lib_a-init.o)
 .data          0x00000000        0x0 c:/st/stm32cubeide_1.4.0/stm32cubeide/plugins/com.st.stm32cube.ide.mcu.externaltools.gnu-arm-embedded.7-2018-q2-update.win32_1.4.0.202007081208/tools/bin/../lib/gcc/arm-none-eabi/7.3.1/../../../../arm-none-eabi/lib/thumb/v7-m\libc_nano.a(lib_a-init.o)
 .bss           0x00000000        0x0 c:/st/stm32cubeide_1.4.0/stm32cubeide/plugins/com.st.stm32cube.ide.mcu.externaltools.gnu-arm-embedded.7-2018-q2-update.win32_1.4.0.202007081208/tools/bin/../lib/gcc/arm-none-eabi/7.3.1/../../../../arm-none-eabi/lib/thumb/v7-m\libc_nano.a(lib_a-init.o)
 .text          0x00000000        0x0 c:/st/stm32cubeide_1.4.0/stm32cubeide/plugins/com.st.stm32cube.ide.mcu.externaltools.gnu-arm-embedded.7-2018-q2-update.win32_1.4.0.202007081208/tools/bin/../lib/gcc/arm-none-eabi/7.3.1/../../../../arm-none-eabi/lib/thumb/v7-m\libc_nano.a(lib_a-memset.o)
 .data          0x00000000        0x0 c:/st/stm32cubeide_1.4.0/stm32cubeide/plugins/com.st.stm32cube.ide.mcu.externaltools.gnu-arm-embedded.7-2018-q2-update.win32_1.4.0.202007081208/tools/bin/../lib/gcc/arm-none-eabi/7.3.1/../../../../arm-none-eabi/lib/thumb/v7-m\libc_nano.a(lib_a-memset.o)
 .bss           0x00000000        0x0 c:/st/stm32cubeide_1.4.0/stm32cubeide/plugins/com.st.stm32cube.ide.mcu.externaltools.gnu-arm-embedded.7-2018-q2-update.win32_1.4.0.202007081208/tools/bin/../lib/gcc/arm-none-eabi/7.3.1/../../../../arm-none-eabi/lib/thumb/v7-m\libc_nano.a(lib_a-memset.o)
 .text.memset   0x00000000       0x10 c:/st/stm32cubeide_1.4.0/stm32cubeide/plugins/com.st.stm32cube.ide.mcu.externaltools.gnu-arm-embedded.7-2018-q2-update.win32_1.4.0.202007081208/tools/bin/../lib/gcc/arm-none-eabi/7.3.1/../../../../arm-none-eabi/lib/thumb/v7-m\libc_nano.a(lib_a-memset.o)
 .debug_frame   0x00000000       0x20 c:/st/stm32cubeide_1.4.0/stm32cubeide/plugins/com.st.stm32cube.ide.mcu.externaltools.gnu-arm-embedded.7-2018-q2-update.win32_1.4.0.202007081208/tools/bin/../lib/gcc/arm-none-eabi/7.3.1/../../../../arm-none-eabi/lib/thumb/v7-m\libc_nano.a(lib_a-memset.o)
 .ARM.attributes
                0x00000000       0x2d c:/st/stm32cubeide_1.4.0/stm32cubeide/plugins/com.st.stm32cube.ide.mcu.externaltools.gnu-arm-embedded.7-2018-q2-update.win32_1.4.0.202007081208/tools/bin/../lib/gcc/arm-none-eabi/7.3.1/../../../../arm-none-eabi/lib/thumb/v7-m\libc_nano.a(lib_a-memset.o)
 .data          0x00000000        0x0 c:/st/stm32cubeide_1.4.0/stm32cubeide/plugins/com.st.stm32cube.ide.mcu.externaltools.gnu-arm-embedded.7-2018-q2-update.win32_1.4.0.202007081208/tools/bin/../lib/gcc/arm-none-eabi/7.3.1/../../../../arm-none-eabi/lib/thumb/v7-m\libc_nano.a(lib_a-strcmp.o)
 .bss           0x00000000        0x0 c:/st/stm32cubeide_1.4.0/stm32cubeide/plugins/com.st.stm32cube.ide.mcu.externaltools.gnu-arm-embedded.7-2018-q2-update.win32_1.4.0.202007081208/tools/bin/../lib/gcc/arm-none-eabi/7.3.1/../../../../arm-none-eabi/lib/thumb/v7-m\libc_nano.a(lib_a-strcmp.o)
 .text          0x00000000        0x0 c:/st/stm32cubeide_1.4.0/stm32cubeide/plugins/com.st.stm32cube.ide.mcu.externaltools.gnu-arm-embedded.7-2018-q2-update.win32_1.4.0.202007081208/tools/bin/../lib/gcc/arm-none-eabi/7.3.1/thumb/v7-m/crtend.o
 .data          0x00000000        0x0 c:/st/stm32cubeide_1.4.0/stm32cubeide/plugins/com.st.stm32cube.ide.mcu.externaltools.gnu-arm-embedded.7-2018-q2-update.win32_1.4.0.202007081208/tools/bin/../lib/gcc/arm-none-eabi/7.3.1/thumb/v7-m/crtend.o
 .bss           0x00000000        0x0 c:/st/stm32cubeide_1.4.0/stm32cubeide/plugins/com.st.stm32cube.ide.mcu.externaltools.gnu-arm-embedded.7-2018-q2-update.win32_1.4.0.202007081208/tools/bin/../lib/gcc/arm-none-eabi/7.3.1/thumb/v7-m/crtend.o
 .eh_frame      0x00000000        0x4 c:/st/stm32cubeide_1.4.0/stm32cubeide/plugins/com.st.stm32cube.ide.mcu.externaltools.gnu-arm-embedded.7-2018-q2-update.win32_1.4.0.202007081208/tools/bin/../lib/gcc/arm-none-eabi/7.3.1/thumb/v7-m/crtend.o
 .ARM.attributes
                0x00000000       0x2d c:/st/stm32cubeide_1.4.0/stm32cubeide/plugins/com.st.stm32cube.ide.mcu.externaltools.gnu-arm-embedded.7-2018-q2-update.win32_1.4.0.202007081208/tools/bin/../lib/gcc/arm-none-eabi/7.3.1/thumb/v7-m/crtend.o
 .text          0x00000000        0x0 c:/st/stm32cubeide_1.4.0/stm32cubeide/plugins/com.st.stm32cube.ide.mcu.externaltools.gnu-arm-embedded.7-2018-q2-update.win32_1.4.0.202007081208/tools/bin/../lib/gcc/arm-none-eabi/7.3.1/thumb/v7-m/crtn.o
 .data          0x00000000        0x0 c:/st/stm32cubeide_1.4.0/stm32cubeide/plugins/com.st.stm32cube.ide.mcu.externaltools.gnu-arm-embedded.7-2018-q2-update.win32_1.4.0.202007081208/tools/bin/../lib/gcc/arm-none-eabi/7.3.1/thumb/v7-m/crtn.o
 .bss           0x00000000        0x0 c:/st/stm32cubeide_1.4.0/stm32cubeide/plugins/com.st.stm32cube.ide.mcu.externaltools.gnu-arm-embedded.7-2018-q2-update.win32_1.4.0.202007081208/tools/bin/../lib/gcc/arm-none-eabi/7.3.1/thumb/v7-m/crtn.o

Memory Configuration

Name             Origin             Length             Attributes
RAM              0x20000000         0x00002800         xrw
ROM              0x08000000         0x00008000         xr
*default*        0x00000000         0xffffffff

Linker script and memory map

LOAD c:/st/stm32cubeide_1.4.0/stm32cubeide/plugins/com.st.stm32cube.ide.mcu.externaltools.gnu-arm-embedded.7-2018-q2-update.win32_1.4.0.202007081208/tools/bin/../lib/gcc/arm-none-eabi/7.3.1/thumb/v7-m/crti.o
LOAD c:/st/stm32cubeide_1.4.0/stm32cubeide/plugins/com.st.stm32cube.ide.mcu.externaltools.gnu-arm-embedded.7-2018-q2-update.win32_1.4.0.202007081208/tools/bin/../lib/gcc/arm-none-eabi/7.3.1/thumb/v7-m/crtbegin.o
LOAD c:/st/stm32cubeide_1.4.0/stm32cubeide/plugins/com.st.stm32cube.ide.mcu.externaltools.gnu-arm-embedded.7-2018-q2-update.win32_1.4.0.202007081208/tools/bin/../lib/gcc/arm-none-eabi/7.3.1/../../../../arm-none-eabi/lib/thumb/v7-m/crt0.o
LOAD MY_RTOS/CortexMX_OS_porting.o
LOAD MY_RTOS/MYRTOS._FIFO.o
LOAD MY_RTOS/scheduler.o
LOAD Src/EXTI_DRIVER.o
LOAD Src/STM32_F103C6_GPIO_DRIVERS.o
LOAD Src/lcd_me.o
LOAD Src/main.o
LOAD Src/syscalls.o
LOAD Src/sysmem.o
LOAD Startup/startup_stm32f103c6tx.o
START GROUP
LOAD c:/st/stm32cubeide_1.4.0/stm32cubeide/plugins/com.st.stm32cube.ide.mcu.externaltools.gnu-arm-embedded.7-2018-q2-update.win32_1.4.0.202007081208/tools/bin/../lib/gcc/arm-none-eabi/7.3.1/../../../../arm-none-eabi/lib/thumb/v7-m\libc_nano.a
LOAD c:/st/stm32cubeide_1.4.0/stm32cubeide/plugins/com.st.stm32cube.ide.mcu.externaltools.gnu-arm-embedded.7-2018-q2-update.win32_1.4.0.202007081208/tools/bin/../lib/gcc/arm-none-eabi/7.3.1/../../../../arm-none-eabi/lib/thumb/v7-m\libm.a
END GROUP
START GROUP
LOAD c:/st/stm32cubeide_1.4.0/stm32cubeide/plugins/com.st.stm32cube.ide.mcu.externaltools.gnu-arm-embedded.7-2018-q2-update.win32_1.4.0.202007081208/tools/bin/../lib/gcc/arm-none-eabi/7.3.1/thumb/v7-m\libgcc.a
LOAD c:/st/stm32cubeide_1.4.0/stm32cubeide/plugins/com.st.stm32cube.ide.mcu.externaltools.gnu-arm-embedded.7-2018-q2-update.win32_1.4.0.202007081208/tools/bin/../lib/gcc/arm-none-eabi/7.3.1/../../../../arm-none-eabi/lib/thumb/v7-m\libg_nano.a
LOAD c:/st/stm32cubeide_1.4.0/stm32cubeide/plugins/com.st.stm32cube.ide.mcu.externaltools.gnu-arm-embedded.7-2018-q2-update.win32_1.4.0.202007081208/tools/bin/../lib/gcc/arm-none-eabi/7.3.1/../../../../arm-none-eabi/lib/thumb/v7-m\libc_nano.a
END GROUP
START GROUP
LOAD c:/st/stm32cubeide_1.4.0/stm32cubeide/plugins/com.st.stm32cube.ide.mcu.externaltools.gnu-arm-embedded.7-2018-q2-update.win32_1.4.0.202007081208/tools/bin/../lib/gcc/arm-none-eabi/7.3.1/thumb/v7-m\libgcc.a
LOAD c:/st/stm32cubeide_1.4.0/stm32cubeide/plugins/com.st.stm32cube.ide.mcu.externaltools.gnu-arm-embedded.7-2018-q2-update.win32_1.4.0.202007081208/tools/bin/../lib/gcc/arm-none-eabi/7.3.1/../../../../arm-none-eabi/lib/thumb/v7-m\libc_nano.a
LOAD c:/st/stm32cubeide_1.4.0/stm32cubeide/plugins/com.st.stm32cube.ide.mcu.externaltools.gnu-arm-embedded.7-2018-q2-update.win32_1.4.0.202007081208/tools/bin/../lib/gcc/arm-none-eabi/7.3.1/../../../../arm-none-eabi/lib/thumb/v7-m\libnosys.a
END GROUP
START GROUP
LOAD c:/st/stm32cubeide_1.4.0/stm32cubeide/plugins/com.st.stm32cube.ide.mcu.externaltools.gnu-arm-embedded.7-2018-q2-update.win32_1.4.0.202007081208/tools/bin/../lib/gcc/arm-none-eabi/7.3.1/thumb/v7-m\libgcc.a
LOAD c:/st/stm32cubeide_1.4.0/stm32cubeide/plugins/com.st.stm32cube.ide.mcu.externaltools.gnu-arm-embedded.7-2018-q2-update.win32_1.4.0.202007081208/tools/bin/../lib/gcc/arm-none-eabi/7.3.1/../../../../arm-none-eabi/lib/thumb/v7-m\libc_nano.a
LOAD c:/st/stm32cubeide_1.4.0/stm32cubeide/plugins/com.st.stm32cube.ide.mcu.externaltools.gnu-arm-embedded.7-2018-q2-update.win32_1.4.0.202007081208/tools/bin/../lib/gcc/arm-none-eabi/7.3.1/../../../../arm-none-eabi/lib/thumb/v7-m\libnosys.a
END GROUP
LOAD c:/st/stm32cubeide_1.4.0/stm32cubeide/plugins/com.st.stm32cube.ide.mcu.externaltools.gnu-arm-embedded.7-2018-q2-update.win32_1.4.0.202007081208/tools/bin/../lib/gcc/arm-none-eabi/7.3.1/thumb/v7-m/crtend.o
LOAD c:/st/stm32cubeide_1.4.0/stm32cubeide/plugins/com.st.stm32cube.ide.mcu.externaltools.gnu-arm-embedded.7-2018-q2-update.win32_1.4.0.202007081208/tools/bin/../lib/gcc/arm-none-eabi/7.3.1/thumb/v7-m/crtn.o
                0x20002800                _estack = (ORIGIN (RAM) + LENGTH (RAM))
                0x00000200                _Min_Heap_Size = 0x200
                0x00000400                _Min_Stack_Size = 0x400

.isr_vector     0x08000000      0x130
                0x08000000                . = ALIGN (0x4)
 *(.isr_vector)
 .isr_vector    0x08000000      0x130 Startup/startup_stm32f103c6tx.o
                0x08000000                g_pfnVectors
                0x08000130                . = ALIGN (0x4)

.text           0x08000130      0xe6c
                0x08000130                . = ALIGN (0x4)
 *(.text)
 .text          0x08000130       0x40 c:/st/stm32cubeide_1.4.0/stm32cubeide/plugins/com.st.stm32cube.ide.mcu.externaltools.gnu-arm-embedded.7-2018-q2-update.win32_1.4.0.202007081208/tools/bin/../lib/gcc/arm-none-eabi/7.3.1/thumb/v7-m/crtbegin.o
 .text          0x08000170       0x14 c:/st/stm32cubeide_1.4.0/stm32cubeide/plugins/com.st.stm32cube.ide.mcu.externaltools.gnu-arm-embedded.7-2018-q2-update.win32_1.4.0.202007081208/tools/bin/../lib/gcc/arm-none-eabi/7.3.1/../../../../arm-none-eabi/lib/thumb/v7-m\libc_nano.a(lib_a-strcmp.o)
                0x08000170                strcmp
 *(.text*)
 .text.__NVIC_SetPriority
                0x08000184       0x54 MY_RTOS/CortexMX_OS_porting.o
 .text.SysTick_Config
                0x080001d8       0x44 MY_RTOS/CortexMX_OS_porting.o
 .text.HardFault_Handler
                0x0800021c        0x6 MY_RTOS/CortexMX_OS_porting.o
                0x0800021c                HardFault_Handler
 .text.MemManage_Handler
                0x08000222        0x6 MY_RTOS/CortexMX_OS_porting.o
                0x08000222                MemManage_Handler
 .text.BusFault_Handler
                0x08000228        0x6 MY_RTOS/CortexMX_OS_porting.o
                0x08000228                BusFault_Handler
 .text.UsageFault_Handler
                0x0800022e        0x6 MY_RTOS/CortexMX_OS_porting.o
                0x0800022e                UsageFault_Handler
 .text.SVC_Handler
                0x08000234       0x14 MY_RTOS/CortexMX_OS_porting.o
                0x08000234                SVC_Handler
 .text.HW_init  0x08000248       0x12 MY_RTOS/CortexMX_OS_porting.o
                0x08000248                HW_init
 *fill*         0x0800025a        0x2 
 .text.trigger_OS_PendSV
                0x0800025c       0x1c MY_RTOS/CortexMX_OS_porting.o
                0x0800025c                trigger_OS_PendSV
 .text.start_ticker
                0x08000278       0x10 MY_RTOS/CortexMX_OS_porting.o
                0x08000278                start_ticker
 .text.SysTick_Handler
                0x08000288       0x28 MY_RTOS/CortexMX_OS_porting.o
                0x08000288                SysTick_Handler
 .text.FIFO_Init
                0x080002b0       0x44 MY_RTOS/MYRTOS._FIFO.o
                0x080002b0                FIFO_Init
 .text.FIFO_enqueue
                0x080002f4       0x84 MY_RTOS/MYRTOS._FIFO.o
                0x080002f4                FIFO_enqueue
 .text.FIFO_dequeue
                0x08000378       0x7a MY_RTOS/MYRTOS._FIFO.o
                0x08000378                FIFO_dequeue
 *fill*         0x080003f2        0x2 
 .text.bubble_Sort
                0x080003f4       0x90 MY_RTOS/scheduler.o
                0x080003f4                bubble_Sort
 .text.MyRTOS_Update_Schedule_Tables
                0x08000484       0xd0 MY_RTOS/scheduler.o
                0x08000484                MyRTOS_Update_Schedule_Tables
 .text.Decide_WhatNext
                0x08000554       0xa4 MY_RTOS/scheduler.o
                0x08000554                Decide_WhatNext
 .text.PendSV_Handler
                0x080005f8      0x1b8 MY_RTOS/scheduler.o
                0x080005f8                PendSV_Handler
 .text.OS_SVC_services
                0x080007b0       0x6c MY_RTOS/scheduler.o
                0x080007b0                OS_SVC_services
 .text.MYRTOS_Operation
                0x0800081c       0x1c MY_RTOS/scheduler.o
                0x0800081c                MYRTOS_Operation
 .text.MYRTOS_CREAT_MAIN_STACK
                0x08000838       0x3c MY_RTOS/scheduler.o
                0x08000838                MYRTOS_CREAT_MAIN_STACK
 .text.MYRTOS_init
                0x08000874       0x80 MY_RTOS/scheduler.o
                0x08000874                MYRTOS_init
 .text.MYRTOS_Stack_for_Task
                0x080008f4       0x7c MY_RTOS/scheduler.o
                0x080008f4                MYRTOS_Stack_for_Task
 .text.MYRTOS_CreatTask
                0x08000970       0x7c MY_RTOS/scheduler.o
                0x08000970                MYRTOS_CreatTask
 .text.MYRTOS_OS_SVC_Set
                0x080009ec       0x30 MY_RTOS/scheduler.o
                0x080009ec                MYRTOS_OS_SVC_Set
 .text.MYRTOS_ActivateTask
                0x08000a1c       0x1e MY_RTOS/scheduler.o
                0x08000a1c                MYRTOS_ActivateTask
 .text.MYRTOS_TaskWait
                0x08000a3a       0x2e MY_RTOS/scheduler.o
                0x08000a3a                MYRTOS_TaskWait
 .text.MYRTOS_STARTOS
                0x08000a68       0x58 MY_RTOS/scheduler.o
                0x08000a68                MYRTOS_STARTOS
 .text.MYRTOS_Uptade_TasksWaitingTime
                0x08000ac0       0x88 MY_RTOS/scheduler.o
                0x08000ac0                MYRTOS_Uptade_TasksWaitingTime
 .text.EXTI0_IRQHandler
                0x08000b48       0x24 Src/EXTI_DRIVER.o
                0x08000b48                EXTI0_IRQHandler
 .text.EXTI1_IRQHandler
                0x08000b6c       0x24 Src/EXTI_DRIVER.o
                0x08000b6c                EXTI1_IRQHandler
 .text.EXTI2_IRQHandler
                0x08000b90       0x24 Src/EXTI_DRIVER.o
                0x08000b90                EXTI2_IRQHandler
 .text.EXTI3_IRQHandler
                0x08000bb4       0x24 Src/EXTI_DRIVER.o
                0x08000bb4                EXTI3_IRQHandler
 .text.EXTI4_IRQHandler
                0x08000bd8       0x24 Src/EXTI_DRIVER.o
                0x08000bd8                EXTI4_IRQHandler
 .text.EXTI9_5_IRQHandler
                0x08000bfc       0xa8 Src/EXTI_DRIVER.o
                0x08000bfc                EXTI9_5_IRQHandler
 .text.EXTI15_10_IRQHandler
                0x08000ca4       0x1c Src/EXTI_DRIVER.o
                0x08000ca4                EXTI15_10_IRQHandler
 .text.task1    0x08000cc0       0x4c Src/main.o
                0x08000cc0                task1
 .text.task2    0x08000d0c       0x28 Src/main.o
                0x08000d0c                task2
 .text.task3    0x08000d34       0x28 Src/main.o
                0x08000d34                task3
 .text.task4    0x08000d5c       0x28 Src/main.o
                0x08000d5c                task4
 .text.main     0x08000d84      0x164 Src/main.o
                0x08000d84                main
 .text.Reset_Handler
                0x08000ee8       0x50 Startup/startup_stm32f103c6tx.o
                0x08000ee8                Reset_Handler
 .text.Default_Handler
                0x08000f38        0x2 Startup/startup_stm32f103c6tx.o
                0x08000f38                TIM8_TRG_COM_IRQHandler
                0x08000f38                TIM8_CC_IRQHandler
                0x08000f38                DebugMon_Handler
                0x08000f38                TIM1_CC_IRQHandler
                0x08000f38                TIM6_IRQHandler
                0x08000f38                PVD_IRQHandler
                0x08000f38                SDIO_IRQHandler
                0x08000f38                NMI_Handler
                0x08000f38                USB_HP_CAN_TX_IRQHandler
                0x08000f38                I2C2_EV_IRQHandler
                0x08000f38                ADC1_2_IRQHandler
                0x08000f38                SPI1_IRQHandler
                0x08000f38                CAN_SCE_IRQHandler
                0x08000f38                TAMPER_IRQHandler
                0x08000f38                TIM8_UP_IRQHandler
                0x08000f38                DMA2_Channel2_IRQHandler
                0x08000f38                DMA1_Channel4_IRQHandler
                0x08000f38                USART3_IRQHandler
                0x08000f38                RTC_IRQHandler
                0x08000f38                DMA1_Channel7_IRQHandler
                0x08000f38                UART5_IRQHandler
                0x08000f38                ADC3_IRQHandler
                0x08000f38                TIM4_IRQHandler
                0x08000f38                CAN_RX1_IRQHandler
                0x08000f38                DMA2_Channel1_IRQHandler
                0x08000f38                I2C1_EV_IRQHandler
                0x08000f38                DMA1_Channel6_IRQHandler
                0x08000f38                UART4_IRQHandler
                0x08000f38                TIM3_IRQHandler
                0x08000f38                RCC_IRQHandler
                0x08000f38                TIM1_TRG_COM_IRQHandler
                0x08000f38                DMA1_Channel1_IRQHandler
                0x08000f38                Default_Handler
                0x08000f38                TIM7_IRQHandler
                0x08000f38                TIM5_IRQHandler
                0x08000f38                SPI2_IRQHandler
                0x08000f38                USB_LP_CAN_RX0_IRQHandler
                0x08000f38                DMA1_Channel5_IRQHandler
                0x08000f38                DMA1_Channel3_IRQHandler
                0x08000f38                FSMC_IRQHandler
                0x08000f38                TIM1_UP_IRQHandler
                0x08000f38                WWDG_IRQHandler
                0x08000f38                TIM2_IRQHandler
                0x08000f38                TIM1_BRK_IRQHandler
                0x08000f38                RTCAlarm_IRQHandler
                0x08000f38                DMA2_Channel4_5_IRQHandler
                0x08000f38                USART2_IRQHandler
                0x08000f38                I2C2_ER_IRQHandler
                0x08000f38                DMA1_Channel2_IRQHandler
                0x08000f38                TIM8_BRK_IRQHandler
                0x08000f38                FLASH_IRQHandler
                0x08000f38                USART1_IRQHandler
                0x08000f38                SPI3_IRQHandler
                0x08000f38                I2C1_ER_IRQHandler
                0x08000f38                DMA2_Channel3_IRQHandler
 *fill*         0x08000f3a        0x2 
 .text.__libc_init_array
                0x08000f3c       0x48 c:/st/stm32cubeide_1.4.0/stm32cubeide/plugins/com.st.stm32cube.ide.mcu.externaltools.gnu-arm-embedded.7-2018-q2-update.win32_1.4.0.202007081208/tools/bin/../lib/gcc/arm-none-eabi/7.3.1/../../../../arm-none-eabi/lib/thumb/v7-m\libc_nano.a(lib_a-init.o)
                0x08000f3c                __libc_init_array
 *(.glue_7)
 .glue_7        0x08000f84        0x0 linker stubs
 *(.glue_7t)
 .glue_7t       0x08000f84        0x0 linker stubs
 *(.eh_frame)
 .eh_frame      0x08000f84        0x0 c:/st/stm32cubeide_1.4.0/stm32cubeide/plugins/com.st.stm32cube.ide.mcu.externaltools.gnu-arm-embedded.7-2018-q2-update.win32_1.4.0.202007081208/tools/bin/../lib/gcc/arm-none-eabi/7.3.1/thumb/v7-m/crtbegin.o
 *(.init)
 .init          0x08000f84        0x4 c:/st/stm32cubeide_1.4.0/stm32cubeide/plugins/com.st.stm32cube.ide.mcu.externaltools.gnu-arm-embedded.7-2018-q2-update.win32_1.4.0.202007081208/tools/bin/../lib/gcc/arm-none-eabi/7.3.1/thumb/v7-m/crti.o
                0x08000f84                _init
 .init          0x08000f88        0x8 c:/st/stm32cubeide_1.4.0/stm32cubeide/plugins/com.st.stm32cube.ide.mcu.externaltools.gnu-arm-embedded.7-2018-q2-update.win32_1.4.0.202007081208/tools/bin/../lib/gcc/arm-none-eabi/7.3.1/thumb/v7-m/crtn.o
 *(.fini)
 .fini          0x08000f90        0x4 c:/st/stm32cubeide_1.4.0/stm32cubeide/plugins/com.st.stm32cube.ide.mcu.externaltools.gnu-arm-embedded.7-2018-q2-update.win32_1.4.0.202007081208/tools/bin/../lib/gcc/arm-none-eabi/7.3.1/thumb/v7-m/crti.o
                0x08000f90                _fini
 .fini          0x08000f94        0x8 c:/st/stm32cubeide_1.4.0/stm32cubeide/plugins/com.st.stm32cube.ide.mcu.externaltools.gnu-arm-embedded.7-2018-q2-update.win32_1.4.0.202007081208/tools/bin/../lib/gcc/arm-none-eabi/7.3.1/thumb/v7-m/crtn.o
                0x08000f9c                . = ALIGN (0x4)
                0x08000f9c                _etext = .

.vfp11_veneer   0x08000f9c        0x0
 .vfp11_veneer  0x08000f9c        0x0 linker stubs

.v4_bx          0x08000f9c        0x0
 .v4_bx         0x08000f9c        0x0 linker stubs

.iplt           0x08000f9c        0x0
 .iplt          0x08000f9c        0x0 c:/st/stm32cubeide_1.4.0/stm32cubeide/plugins/com.st.stm32cube.ide.mcu.externaltools.gnu-arm-embedded.7-2018-q2-update.win32_1.4.0.202007081208/tools/bin/../lib/gcc/arm-none-eabi/7.3.1/thumb/v7-m/crtbegin.o

.rodata         0x08000f9c       0x2c
                0x08000f9c                . = ALIGN (0x4)
 *(.rodata)
 .rodata        0x08000f9c        0x9 MY_RTOS/scheduler.o
 *fill*         0x08000fa5        0x3 
 .rodata        0x08000fa8       0x1f Src/main.o
 *(.rodata*)
                0x08000fc8                . = ALIGN (0x4)
 *fill*         0x08000fc7        0x1 

.rel.dyn        0x08000fc8        0x0
 .rel.iplt      0x08000fc8        0x0 c:/st/stm32cubeide_1.4.0/stm32cubeide/plugins/com.st.stm32cube.ide.mcu.externaltools.gnu-arm-embedded.7-2018-q2-update.win32_1.4.0.202007081208/tools/bin/../lib/gcc/arm-none-eabi/7.3.1/thumb/v7-m/crtbegin.o

.ARM.extab      0x08000fc8        0x0
                0x08000fc8                . = ALIGN (0x4)
 *(.ARM.extab* .gnu.linkonce.armextab.*)
                0x08000fc8                . = ALIGN (0x4)

.ARM            0x08000fc8        0x0
                0x08000fc8                . = ALIGN (0x4)
                0x08000fc8                __exidx_start = .
 *(.ARM.exidx*)
                0x08000fc8                __exidx_end = .
                0x08000fc8                . = ALIGN (0x4)

.preinit_array  0x08000fc8        0x0
                0x08000fc8                . = ALIGN (0x4)
                0x08000fc8                PROVIDE (__preinit_array_start = .)
 *(.preinit_array*)
                0x08000fc8                PROVIDE (__preinit_array_end = .)
                0x08000fc8                . = ALIGN (0x4)

.init_array     0x08000fc8        0x4
                0x08000fc8                . = ALIGN (0x4)
                0x08000fc8                PROVIDE (__init_array_start = .)
 *(SORT_BY_NAME(.init_array.*))
 *(.init_array*)
 .init_array    0x08000fc8        0x4 c:/st/stm32cubeide_1.4.0/stm32cubeide/plugins/com.st.stm32cube.ide.mcu.externaltools.gnu-arm-embedded.7-2018-q2-update.win32_1.4.0.202007081208/tools/bin/../lib/gcc/arm-none-eabi/7.3.1/thumb/v7-m/crtbegin.o
                0x08000fcc                PROVIDE (__init_array_end = .)
                0x08000fcc                . = ALIGN (0x4)

.fini_array     0x08000fcc        0x4
                0x08000fcc                . = ALIGN (0x4)
                [!provide]                PROVIDE (__fini_array_start = .)
 *(SORT_BY_NAME(.fini_array.*))
 *(.fini_array*)
 .fini_array    0x08000fcc        0x4 c:/st/stm32cubeide_1.4.0/stm32cubeide/plugins/com.st.stm32cube.ide.mcu.externaltools.gnu-arm-embedded.7-2018-q2-update.win32_1.4.0.202007081208/tools/bin/../lib/gcc/arm-none-eabi/7.3.1/thumb/v7-m/crtbegin.o
                [!provide]                PROVIDE (__fini_array_end = .)
                0x08000fd0                . = ALIGN (0x4)
                0x08000fd0                _sidata = LOADADDR (.data)

.data           0x20000000        0x0 load address 0x08000fd0
                0x20000000                . = ALIGN (0x4)
                0x20000000                _sdata = .
 *(.data)
 *(.data*)
                0x20000000                . = ALIGN (0x4)
                0x20000000                _edata = .

.igot.plt       0x20000000        0x0 load address 0x08000fd0
 .igot.plt      0x20000000        0x0 c:/st/stm32cubeide_1.4.0/stm32cubeide/plugins/com.st.stm32cube.ide.mcu.externaltools.gnu-arm-embedded.7-2018-q2-update.win32_1.4.0.202007081208/tools/bin/../lib/gcc/arm-none-eabi/7.3.1/thumb/v7-m/crtbegin.o
                0x20000000                . = ALIGN (0x4)

.bss            0x20000000      0x51c load address 0x08000fd0
                0x20000000                _sbss = .
                0x20000000                __bss_start__ = _sbss
 *(.bss)
 .bss           0x20000000       0x1c c:/st/stm32cubeide_1.4.0/stm32cubeide/plugins/com.st.stm32cube.ide.mcu.externaltools.gnu-arm-embedded.7-2018-q2-update.win32_1.4.0.202007081208/tools/bin/../lib/gcc/arm-none-eabi/7.3.1/thumb/v7-m/crtbegin.o
 *(.bss*)
 .bss.count.5393
                0x2000001c        0x4 Src/main.o
 *(COMMON)
 COMMON         0x20000020        0x1 MY_RTOS/CortexMX_OS_porting.o
                0x20000020                SystickLED
 *fill*         0x20000021        0x3 
 COMMON         0x20000024      0x398 MY_RTOS/scheduler.o
                0x20000024                IDLE_Task
                0x20000068                OS_Control
                0x20000214                Ready_QUEUE
                0x20000228                IdleTaskLED
                0x2000022c                Ready_QUEUE_FIFO
 COMMON         0x200003bc       0x3c Src/EXTI_DRIVER.o
                0x200003bc                GP_IRQ_CALLBACK
 COMMON         0x200003f8      0x121 Src/main.o
                0x200003f8                Task4
                0x2000043c                Task1
                0x20000480                Task4LED
                0x20000484                state_error
                0x20000488                Task2LED
                0x2000048c                Task3
                0x200004d0                Task1LED
                0x200004d4                Task2
                0x20000518                Task3LED
                0x2000051c                . = ALIGN (0x4)
 *fill*         0x20000519        0x3 
                0x2000051c                _ebss = .
                0x2000051c                __bss_end__ = _ebss

._user_heap_stack
                0x2000051c      0x604 load address 0x08000fd0
                0x20000520                . = ALIGN (0x8)
 *fill*         0x2000051c        0x4 
                [!provide]                PROVIDE (end = .)
                0x20000520                PROVIDE (_end = .)
                0x20000720                . = (. + _Min_Heap_Size)
 *fill*         0x20000520      0x200 
                0x20000b20                . = (. + _Min_Stack_Size)
 *fill*         0x20000720      0x400 
                0x20000b20                . = ALIGN (0x8)

/DISCARD/
 libc.a(*)
 libm.a(*)
 libgcc.a(*)

.ARM.attributes
                0x00000000       0x29
 *(.ARM.attributes)
 .ARM.attributes
                0x00000000       0x1d c:/st/stm32cubeide_1.4.0/stm32cubeide/plugins/com.st.stm32cube.ide.mcu.externaltools.gnu-arm-embedded.7-2018-q2-update.win32_1.4.0.202007081208/tools/bin/../lib/gcc/arm-none-eabi/7.3.1/thumb/v7-m/crti.o
 .ARM.attributes
                0x0000001d       0x2d c:/st/stm32cubeide_1.4.0/stm32cubeide/plugins/com.st.stm32cube.ide.mcu.externaltools.gnu-arm-embedded.7-2018-q2-update.win32_1.4.0.202007081208/tools/bin/../lib/gcc/arm-none-eabi/7.3.1/thumb/v7-m/crtbegin.o
 .ARM.attributes
                0x0000004a       0x33 MY_RTOS/CortexMX_OS_porting.o
 .ARM.attributes
                0x0000007d       0x33 MY_RTOS/MYRTOS._FIFO.o
 .ARM.attributes
                0x000000b0       0x33 MY_RTOS/scheduler.o
 .ARM.attributes
                0x000000e3       0x33 Src/EXTI_DRIVER.o
 .ARM.attributes
                0x00000116       0x33 Src/main.o
 .ARM.attributes
                0x00000149       0x21 Startup/startup_stm32f103c6tx.o
 .ARM.attributes
                0x0000016a       0x2d c:/st/stm32cubeide_1.4.0/stm32cubeide/plugins/com.st.stm32cube.ide.mcu.externaltools.gnu-arm-embedded.7-2018-q2-update.win32_1.4.0.202007081208/tools/bin/../lib/gcc/arm-none-eabi/7.3.1/../../../../arm-none-eabi/lib/thumb/v7-m\libc_nano.a(lib_a-init.o)
 .ARM.attributes
                0x00000197       0x1b c:/st/stm32cubeide_1.4.0/stm32cubeide/plugins/com.st.stm32cube.ide.mcu.externaltools.gnu-arm-embedded.7-2018-q2-update.win32_1.4.0.202007081208/tools/bin/../lib/gcc/arm-none-eabi/7.3.1/../../../../arm-none-eabi/lib/thumb/v7-m\libc_nano.a(lib_a-strcmp.o)
 .ARM.attributes
                0x000001b2       0x1d c:/st/stm32cubeide_1.4.0/stm32cubeide/plugins/com.st.stm32cube.ide.mcu.externaltools.gnu-arm-embedded.7-2018-q2-update.win32_1.4.0.202007081208/tools/bin/../lib/gcc/arm-none-eabi/7.3.1/thumb/v7-m/crtn.o
OUTPUT(EXTI_Driver_.axf elf32-littlearm)

.debug_info     0x00000000     0x3d13
 .debug_info    0x00000000      0x61a MY_RTOS/CortexMX_OS_porting.o
 .debug_info    0x0000061a      0xc77 MY_RTOS/MYRTOS._FIFO.o
 .debug_info    0x00001291     0x1005 MY_RTOS/scheduler.o
 .debug_info    0x00002296      0xdbf Src/EXTI_DRIVER.o
 .debug_info    0x00003055      0xc9c Src/main.o
 .debug_info    0x00003cf1       0x22 Startup/startup_stm32f103c6tx.o

.debug_abbrev   0x00000000      0xb3d
 .debug_abbrev  0x00000000      0x1b3 MY_RTOS/CortexMX_OS_porting.o
 .debug_abbrev  0x000001b3      0x1b5 MY_RTOS/MYRTOS._FIFO.o
 .debug_abbrev  0x00000368      0x371 MY_RTOS/scheduler.o
 .debug_abbrev  0x000006d9      0x228 Src/EXTI_DRIVER.o
 .debug_abbrev  0x00000901      0x22a Src/main.o
 .debug_abbrev  0x00000b2b       0x12 Startup/startup_stm32f103c6tx.o

.debug_loc      0x00000000      0xc10
 .debug_loc     0x00000000      0x224 MY_RTOS/CortexMX_OS_porting.o
 .debug_loc     0x00000224      0x170 MY_RTOS/MYRTOS._FIFO.o
 .debug_loc     0x00000394      0x45c MY_RTOS/scheduler.o
 .debug_loc     0x000007f0      0x338 Src/EXTI_DRIVER.o
 .debug_loc     0x00000b28       0xe8 Src/main.o

.debug_aranges  0x00000000      0x228
 .debug_aranges
                0x00000000       0x70 MY_RTOS/CortexMX_OS_porting.o
 .debug_aranges
                0x00000070       0x38 MY_RTOS/MYRTOS._FIFO.o
 .debug_aranges
                0x000000a8       0x98 MY_RTOS/scheduler.o
 .debug_aranges
                0x00000140       0x80 Src/EXTI_DRIVER.o
 .debug_aranges
                0x000001c0       0x40 Src/main.o
 .debug_aranges
                0x00000200       0x28 Startup/startup_stm32f103c6tx.o

.debug_ranges   0x00000000      0x1d0
 .debug_ranges  0x00000000       0x60 MY_RTOS/CortexMX_OS_porting.o
 .debug_ranges  0x00000060       0x28 MY_RTOS/MYRTOS._FIFO.o
 .debug_ranges  0x00000088       0x88 MY_RTOS/scheduler.o
 .debug_ranges  0x00000110       0x70 Src/EXTI_DRIVER.o
 .debug_ranges  0x00000180       0x30 Src/main.o
 .debug_ranges  0x000001b0       0x20 Startup/startup_stm32f103c6tx.o

.debug_macro    0x00000000     0x3dc5
 .debug_macro   0x00000000       0xbd MY_RTOS/CortexMX_OS_porting.o
 .debug_macro   0x000000bd      0xa60 MY_RTOS/CortexMX_OS_porting.o
 .debug_macro   0x00000b1d       0x28 MY_RTOS/CortexMX_OS_porting.o
 .debug_macro   0x00000b45       0x22 MY_RTOS/CortexMX_OS_porting.o
 .debug_macro   0x00000b67       0x8e MY_RTOS/CortexMX_OS_porting.o
 .debug_macro   0x00000bf5       0x51 MY_RTOS/CortexMX_OS_porting.o
 .debug_macro   0x00000c46       0xef MY_RTOS/CortexMX_OS_porting.o
 .debug_macro   0x00000d35       0x6a MY_RTOS/CortexMX_OS_porting.o
 .debug_macro   0x00000d9f      0x1df MY_RTOS/CortexMX_OS_porting.o
 .debug_macro   0x00000f7e       0x1c MY_RTOS/CortexMX_OS_porting.o
 .debug_macro   0x00000f9a       0x22 MY_RTOS/CortexMX_OS_porting.o
 .debug_macro   0x00000fbc       0xc3 MY_RTOS/CortexMX_OS_porting.o
 .debug_macro   0x0000107f      0xe3c MY_RTOS/CortexMX_OS_porting.o
 .debug_macro   0x00001ebb       0x2e MY_RTOS/CortexMX_OS_porting.o
 .debug_macro   0x00001ee9      0x22c MY_RTOS/MYRTOS._FIFO.o
 .debug_macro   0x00002115       0x40 MY_RTOS/MYRTOS._FIFO.o
 .debug_macro   0x00002155       0x18 MY_RTOS/MYRTOS._FIFO.o
 .debug_macro   0x0000216d       0x94 MY_RTOS/MYRTOS._FIFO.o
 .debug_macro   0x00002201       0x3c MY_RTOS/MYRTOS._FIFO.o
 .debug_macro   0x0000223d       0x34 MY_RTOS/MYRTOS._FIFO.o
 .debug_macro   0x00002271       0x16 MY_RTOS/MYRTOS._FIFO.o
 .debug_macro   0x00002287       0x57 MY_RTOS/MYRTOS._FIFO.o
 .debug_macro   0x000022de       0x97 MY_RTOS/MYRTOS._FIFO.o
 .debug_macro   0x00002375      0x330 MY_RTOS/MYRTOS._FIFO.o
 .debug_macro   0x000026a5       0xfd MY_RTOS/MYRTOS._FIFO.o
 .debug_macro   0x000027a2       0x10 MY_RTOS/MYRTOS._FIFO.o
 .debug_macro   0x000027b2       0x52 MY_RTOS/MYRTOS._FIFO.o
 .debug_macro   0x00002804       0x1f MY_RTOS/MYRTOS._FIFO.o
 .debug_macro   0x00002823       0x43 MY_RTOS/MYRTOS._FIFO.o
 .debug_macro   0x00002866       0x20 MY_RTOS/MYRTOS._FIFO.o
 .debug_macro   0x00002886      0x1a3 MY_RTOS/MYRTOS._FIFO.o
 .debug_macro   0x00002a29       0x10 MY_RTOS/MYRTOS._FIFO.o
 .debug_macro   0x00002a39       0x1c MY_RTOS/MYRTOS._FIFO.o
 .debug_macro   0x00002a55       0x52 MY_RTOS/MYRTOS._FIFO.o
 .debug_macro   0x00002aa7       0x40 MY_RTOS/MYRTOS._FIFO.o
 .debug_macro   0x00002ae7       0x10 MY_RTOS/MYRTOS._FIFO.o
 .debug_macro   0x00002af7       0x40 MY_RTOS/MYRTOS._FIFO.o
 .debug_macro   0x00002b37       0xd7 MY_RTOS/MYRTOS._FIFO.o
 .debug_macro   0x00002c0e       0x1c MY_RTOS/MYRTOS._FIFO.o
 .debug_macro   0x00002c2a       0x3d MY_RTOS/MYRTOS._FIFO.o
 .debug_macro   0x00002c67       0x16 MY_RTOS/MYRTOS._FIFO.o
 .debug_macro   0x00002c7d      0x145 MY_RTOS/MYRTOS._FIFO.o
 .debug_macro   0x00002dc2       0xbd MY_RTOS/MYRTOS._FIFO.o
 .debug_macro   0x00002e7f      0x236 MY_RTOS/scheduler.o
 .debug_macro   0x000030b5       0x46 MY_RTOS/scheduler.o
 .debug_macro   0x000030fb      0x32a MY_RTOS/scheduler.o
 .debug_macro   0x00003425      0x14e Src/EXTI_DRIVER.o
 .debug_macro   0x00003573       0x16 Src/EXTI_DRIVER.o
 .debug_macro   0x00003589      0x10e Src/EXTI_DRIVER.o
 .debug_macro   0x00003697       0x8d Src/EXTI_DRIVER.o
 .debug_macro   0x00003724       0x16 Src/EXTI_DRIVER.o
 .debug_macro   0x0000373a       0x29 Src/EXTI_DRIVER.o
 .debug_macro   0x00003763      0x1b0 Src/EXTI_DRIVER.o
 .debug_macro   0x00003913       0xd0 Src/EXTI_DRIVER.o
 .debug_macro   0x000039e3      0x229 Src/EXTI_DRIVER.o
 .debug_macro   0x00003c0c      0x1b9 Src/main.o

.debug_line     0x00000000     0x2175
 .debug_line    0x00000000      0x50c MY_RTOS/CortexMX_OS_porting.o
 .debug_line    0x0000050c      0x69c MY_RTOS/MYRTOS._FIFO.o
 .debug_line    0x00000ba8      0x84c MY_RTOS/scheduler.o
 .debug_line    0x000013f4      0x68c Src/EXTI_DRIVER.o
 .debug_line    0x00001a80      0x671 Src/main.o
 .debug_line    0x000020f1       0x84 Startup/startup_stm32f103c6tx.o

.debug_str      0x00000000    0x10462
 .debug_str     0x00000000     0x96d7 MY_RTOS/CortexMX_OS_porting.o
                               0x9872 (size before relaxing)
 .debug_str     0x000096d7     0x44cb MY_RTOS/MYRTOS._FIFO.o
                               0xdb21 (size before relaxing)
 .debug_str     0x0000dba2      0x2d4 MY_RTOS/scheduler.o
                               0xdd9f (size before relaxing)
 .debug_str     0x0000de76     0x22e9 Src/EXTI_DRIVER.o
                               0x9127 (size before relaxing)
 .debug_str     0x0001015f      0x2d2 Src/main.o
                               0xebc6 (size before relaxing)
 .debug_str     0x00010431       0x31 Startup/startup_stm32f103c6tx.o
                                 0x45 (size before relaxing)

.comment        0x00000000       0x7f
 .comment       0x00000000       0x7f MY_RTOS/CortexMX_OS_porting.o
                                 0x80 (size before relaxing)
 .comment       0x0000007f       0x80 MY_RTOS/MYRTOS._FIFO.o
 .comment       0x0000007f       0x80 MY_RTOS/scheduler.o
 .comment       0x0000007f       0x80 Src/EXTI_DRIVER.o
 .comment       0x0000007f       0x80 Src/main.o

.debug_frame    0x00000000      0x6b8
 .debug_frame   0x00000000      0x140 MY_RTOS/CortexMX_OS_porting.o
 .debug_frame   0x00000140       0xb0 MY_RTOS/MYRTOS._FIFO.o
 .debug_frame   0x000001f0      0x228 MY_RTOS/scheduler.o
 .debug_frame   0x00000418      0x1b4 Src/EXTI_DRIVER.o
 .debug_frame   0x000005cc       0xa0 Src/main.o
 .debug_frame   0x0000066c       0x2c c:/st/stm32cubeide_1.4.0/stm32cubeide/plugins/com.st.stm32cube.ide.mcu.externaltools.gnu-arm-embedded.7-2018-q2-update.win32_1.4.0.202007081208/tools/bin/../lib/gcc/arm-none-eabi/7.3.1/../../../../arm-none-eabi/lib/thumb/v7-m\libc_nano.a(lib_a-init.o)
 .debug_frame   0x00000698       0x20 c:/st/stm32cubeide_1.4.0/stm32cubeide/plugins/com.st.stm32cube.ide.mcu.externaltools.gnu-arm-embedded.7-2018-q2-update.win32_1.4.0.202007081208/tools/bin/../lib/gcc/arm-none-eabi/7.3.1/../../../../arm-none-eabi/lib/thumb/v7-m\libc_nano.a(lib_a-strcmp.o)
