core_cm3.h:1641:22:__NVIC_SetPriority	16	static
core_cm3.h:1839:26:SysTick_Config	16	static
CortexMX_OS_porting.c:13:6:HardFault_Handler	4	static
CortexMX_OS_porting.c:17:6:MemManage_Handler	4	static
CortexMX_OS_porting.c:22:6:BusFault_Handler	4	static
CortexMX_OS_porting.c:27:6:UsageFault_Handler	4	static
CortexMX_OS_porting.c:34:28:SVC_Handler	0	static
CortexMX_OS_porting.c:46:6:HW_init	8	static
CortexMX_OS_porting.c:60:6:trigger_OS_PendSV	4	static
CortexMX_OS_porting.c:67:6:start_ticker	8	static
CortexMX_OS_porting.c:78:6:SysTick_Handler	8	static
